
╔════════════════════════════════════════════════════════════════╗
║              TAVERN TABLE - VERBOSE CAMPAIGN                    ║
║    Full Narration, Dice Rolls, and Combat Capture              ║
╚════════════════════════════════════════════════════════════════╝

🔐 Authenticating...

✅ Authenticated


════════════════════════════════════════════════════════════════════════════════
SESSION 1 - GAME dfb86fe2...
════════════════════════════════════════════════════════════════════════════════

🎮 Starting game...


━━ TURN 1 ━━
📋 Let's begin.
🔄 Waiting for narration...
🎭 ..................✅

────────────────────────────────────────────────────────────────────────────────
TURN 1

light throws long amber shadows across the faces of travelers who've decided tonight is not a night for the road. You are among them — for now.

Then the door crashes open. A young woman stumbles in, soaked to the bone, clutching a leather satchel to her chest like it containsThe her heart. Her eyes sweep the room and land on you with unmistakable desperation. tavern at the crossroads smells of pine re

"Please," she gasps. "They're right behind me."

1sin and old ale. A fire pops in the hearth, throwing amber light across weathered faces️⃣ Stand and move toward her, hand on your weapon — merchants, a hooded ranger nursing her drink, putting yourself between her and the door
2️⃣ Stay seated but call out — alone, two dwarves arguing over a map. Outside, the wind carries ask her who's chasing her and what's in that satchel
3️ the first bite of autumn. You've just arrived in⃣ Slip into the shadows near the back wall, watching and waiting the village of Thornwall, where the road splits three ways: north to see what follows her inside
────────────────────────────────────────────────────────────────────────────────


━━ TURN 2 ━━
📋 Stay seated but call out — alone, two dwarves arguing over a map. Outside, the wind carries ask her who's chasing her and what's in that satchel
🔄 Waiting for narration...
🎭 ..........✅

────────────────────────────────────────────────────────────────────────────────
TURN 2

 The innkeeper, a broad woman with silver-streaked hair, eyes you from behind the bar with the careful attention of someone who has seen trouble walk throughThe that door before.

1️⃣ Approach the innkeeper and ask what news torch gutters as you descend the last worn travels the roads these days
2️⃣ Sit near the ho step into the vault beneath the Thornmere crossroads. Coldoded ranger and see if she's willing to talk
3️⃣ Examine the dwarves' map — stone breathes against your skin — the particular chill of a place their argument sounds heated enough to be interesting
────────────────────────────────────────────────────────────────────────────────


━━ TURN 3 ━━
📋 Examine the dwarves' map — stone breathes against your skin — the particular chill of a place their argument sounds heated enough to be interesting
🔄 Waiting for narration...
🎭 ..............✅

────────────────────────────────────────────────────────────────────────────────
TURN 3

 passages yawn into darkness: the left carved with oldThe merchant sigils, the center sealed by a rusted iron door with a broken lock, the right open and breathing a f torchlight gutters and steadies as you cross the threshold into the ancient hall. Stone columns rise like sleeping giants on either side, their surfaces carved with the faces of forgottenaint smell of earth and old wood. Somewhere deep in the right passage, something shifts — the kings — mouths open, eyes hollow, watching. The soft, deliberate weight of movement.

1️⃣ Move cautiously into the right passage toward the sound, weapon ready air carries the smell of cold iron and old earth, the particular silence of a place that has not heard a living voice in decades.
2️⃣ Examine the rusted iron door in the center passage more closely
3️⃣ Study the merchant sigils carved along the left passage wall
────────────────────────────────────────────────────────────────────────────────


━━ TURN 4 ━━
📋 Move cautiously into the right passage toward the sound, weapon ready air carries the smell of cold iron and old earth, the particular silence of a place that has not heard a living voice in decades.
🔄 Waiting for narration...
🎭 ......✅

────────────────────────────────────────────────────────────────────────────────
TURN 4

iously forward, examining the carved columns for clues aboutThe tor this place's history.
2️⃣ Call out into the darkness, announcing your presence with bold confidence.
3️⃣ Search the hall's entrance for traps or hidden passages beforechlight gutters as you descend the last worn steps into the chamber below proceeding deeper.
────────────────────────────────────────────────────────────────────────────────


━━ TURN 5 ━━
📋 Search the hall's entrance for traps or hidden passages beforechlight gutters as you descend the last worn steps into the chamber below proceeding deeper.
🔄 Waiting for narration...
🎭 ...........✅

────────────────────────────────────────────────────────────────────────────────
TURN 5

's center sits a stone table, its surface carved with symbols you half-recognize. ThreeThe passages branch from this room: one sealed with a rusted iron door torch gutters as you descend the last, one open and dark, one partially collapsed but pass worn step into the chamber below. Stone columns rise from the floor like theable.

1️⃣ Approach the stone table and examine the carved ribs of some ancient beast, draped in curtains of moss that whisper against one another in a draft symbols
2️⃣ Move toward the open dark passage, weapons ready
3️⃣ you cannot explain. The air smells of iron and old earth Inspect the rusted iron door for locks or mechanisms
────────────────────────────────────────────────────────────────────────────────


━━ TURN 6 ━━
📋 Approach the stone table and examine the carved ribs of some ancient beast, draped in curtains of moss that whisper against one another in a draft symbols
🔄 Waiting for narration...
🎭 .......✅

────────────────────────────────────────────────────────────────────────────────
TURN 6

stones before it: three pressure plates, their edges worn smooth by someone who tested them long ago. Silence presses against your ears like wool.

1️⃣ Examine the pressure plates carefully for patterns or markings before taking another step
2️⃣ Study the carved serpent door — look for a mechanism, keyhole, or hidden release
3️⃣ Call out into the chamber, listeningThe for echoes that might reveal hidden passages
────────────────────────────────────────────────────────────────────────────────


━━ TURN 7 ━━
📋 Call out into the chamber, listeningThe for echoes that might reveal hidden passages
🔄 Waiting for narration...
🎭 .....................✅

────────────────────────────────────────────────────────────────────────────────
TURN 7

 places that have never known sunlight. Ahead, the passage opens into something vast. Your boots find solid ground, and your eyesThe torch gutters as you descend the last adjust to the amber glow of ancient braziers, their flames somehow still alive after untold years. Carved pillars flank a worn step into the antechamber. Stone walls breathe cold long hall, their faces crowded with runes that pulse faintly, air — old air, the kind that has never known wind. Ahead like embers remembering fire. Somewhere beyond the far end, water, three passages split from the chamber like fingers of drips in slow, deliberate rhythm. You are not alone in feeling a hand: the left smells of iron and something animal, the center watched.

1️⃣ Advance cautiously down the hall hums with a faint blue luminescence that pulses like a slow heart, studying the runes on the pillars as you move
2️⃣ Call out intobeat, and the right is choked with cobwebs so thick they hang like curtains of the darkness, announcing your presence with bold confidence
3️⃣ Hang back near the entrance pale silk. Carved above the central arch, a single and search for hidden mechanisms or traps before proceeding word in old Elvish: *Threshold*. Your boots crunch on scattered
────────────────────────────────────────────────────────────────────────────────


━━ TURN 8 ━━
📋 Advance cautiously down the hall hums with a faint blue luminescence that pulses like a slow heart, studying the runes on the pillars as you move
🔄 Waiting for narration...
🎭 .....✅

────────────────────────────────────────────────────────────────────────────────
TURN 8

 dwell beyond
2️⃣ Enter the glowing center arch, drawn by the pTheulsing blue light and its Elvish promise
3️⃣ Push through the right passage's cob tavern smells of pine resin and old ale. Firelight catcheswebs, blade ready for whatever spun them
────────────────────────────────────────────────────────────────────────────────


━━ TURN 9 ━━
📋 Enter the glowing center arch, drawn by the pTheulsing blue light and its Elvish promise
🔄 Waiting for narration...
🎭 ................✅

────────────────────────────────────────────────────────────────────────────────
TURN 9

 You've been here three days now, waiting. The barkeep — a broad womanThe named Marta with ink-stained fingers and a scar along her jaw torchlight gutters as you descend the final steps into — slides a fresh cup toward you without being asked. Outside the chamber below. Stone gives way to packed earth, and the smell of old rot, wind presses against the shuttered windows. Someone has nailed a and iron fills your lungs. Before you stretches a vaulted hall, its notice to the door. The wax seal is unfamiliar. Fresh. ceiling lost in shadow, its walls carved with the faces of forgotten Whatever it says, it wasn't there this morning.

1️⃣ Cross gods — mouths open, eyes hollow. At the chamber the room and read the notice on the door.
2️⃣ Ask Marta what she knows about the sealed's center, a stone dais holds a locked iron chest, notice.
3️⃣ Scan the tavern carefully — who else has noticed it?
────────────────────────────────────────────────────────────────────────────────


━━ TURN 10 ━━
📋 Cross gods — mouths open, eyes hollow. At the chamber the room and read the notice on the door.
🔄 Waiting for narration...
⚠️  No narration received

━━ TURN 11 ━━
📋 Continue the adventure.
🔄 Waiting for narration...
⚠️  No narration received

━━ TURN 12 ━━
📋 Continue the adventure.
🔄 Waiting for narration...
⚠️  No narration received

━━ TURN 13 ━━
📋 Continue the adventure.
🔄 Waiting for narration...
⚠️  No narration received

━━ TURN 14 ━━
📋 Continue the adventure.
🔄 Waiting for narration...
⚠️  No narration received

━━ TURN 15 ━━
📋 Continue the adventure.
🔄 Waiting for narration...
❌ Failed to create game
⚠️  No narration received

━━ TURN 16 ━━
📋 Continue the adventure.
🔄 Waiting for narration...
⚠️  No narration received

━━ TURN 17 ━━
📋 Continue the adventure.
🔄 Waiting for narration...
⚠️  No narration received

━━ TURN 18 ━━
📋 Continue the adventure.
🔄 Waiting for narration...
⚠️  No narration received

━━ TURN 19 ━━
📋 Continue the adventure.
🔄 Waiting for narration...
❌ Failed to create game
⚠️  No narration received

━━ TURN 20 ━━
📋 Continue the adventure.
🔄 Waiting for narration...
⚠️  No narration received

════════════════════════════════════════════════════════════════════════════════
✅ SESSION COMPLETE: 20 turns
📊 TOTAL: 20 turns across 1 sessions
════════════════════════════════════════════════════════════════════════════════

❌ Failed to create game

╔════════════════════════════════════════════════════════════════╗
║                    CAMPAIGN COMPLETE                           ║
║              Total: 20 turns across 1 sessions                  ║
╚════════════════════════════════════════════════════════════════╝

