
╔════════════════════════════════════════════════════════════════╗
║              TAVERN TABLE - VERBOSE CAMPAIGN                    ║
║    Full Narration, Dice Rolls, and Combat Capture              ║
╚════════════════════════════════════════════════════════════════╝

🔐 Authenticating...

✅ Authenticated


════════════════════════════════════════════════════════════════════════════════
SESSION 1 - GAME 1c538669...
════════════════════════════════════════════════════════════════════════════════

🎮 Starting game...


━━ TURN 1 ━━
📋 Let's begin.
🔄 Waiting for narration...
⚠️  No narration received

━━ TURN 2 ━━
📋 Continue the adventure.
🔄 Waiting for narration...

════════════════════════════════════════════════════════════════════════════════
SESSION 2 - GAME fdd5aa2c...
════════════════════════════════════════════════════════════════════════════════

🎮 Starting game...


━━ TURN 1 ━━
📋 Let's begin.
🔄 Waiting for narration...
