
╔════════════════════════════════════════════════════════════════╗
║              TAVERN TABLE - VERBOSE CAMPAIGN                    ║
║    Full Narration, Dice Rolls, and Combat Capture              ║
╚════════════════════════════════════════════════════════════════╝

🔐 Authenticating...

✅ Authenticated


════════════════════════════════════════════════════════════════════════════════
SESSION 1 - GAME 850bb332...
════════════════════════════════════════════════════════════════════════════════

🎮 Starting game...


━━ TURN 1 ━━
📋 Let's begin.
🔄 Waiting for narration...
🎭 ............✅

────────────────────────────────────────────────────────────────────────────────
TURN 1

The world sharpens into focus around you.

Torchlight bleeds amber across ancient stone walls, and the smell of damp earth and old iron fills your lungs. You stand at the threshold of something — a carved archway swallowed by shadow, runes worn smooth by centuries of forgotten hands. Behind you, the path home. Ahead, the unknown hums with quiet promise and older danger. Wind sighs through unseen cracks in the rock, carrying whispers that might be nothing, or might be everything. Your hand finds the hilt of your weapon by instinct. The dungeon breathes. It has been waiting.

1️⃣ Step through the archway and press into the darkness beyond
2️⃣ Study the runes carved into the archway's stone more carefully
3️⃣ Listen to the whispers on the wind and try to discern their meaning
────────────────────────────────────────────────────────────────────────────────


━━ TURN 2 ━━
📋 Step through the archway and press into the darkness beyond
🔄 Waiting for narration...
🎭 ............✅

────────────────────────────────────────────────────────────────────────────────
TURN 2

The tavern smells of pine resin and old smoke. Firelight catches the grain of the oak bar, and the murmur of a dozen conversations fills the low-ceilinged room like the sound of a slow river. You stand at the threshold, road dust still on your boots, the night cold pressing at your back.

A one-eyed dwarf behind the bar eyes you with the practiced wariness of a man who has seen trouble walk through that door before. In the corner, a hooded figure nurses a drink alone. On the notice board by the door, a parchment flutters — fresh ink, red seal.

1️⃣ Approach the bar and speak with the one-eyed dwarf
2️⃣ Move quietly toward the hooded figure in the corner
3️⃣ Examine the notice on the board by the door
────────────────────────────────────────────────────────────────────────────────


━━ TURN 3 ━━
📋 Approach the bar and speak with the one-eyed dwarf
🔄 Waiting for narration...
🎭 .............✅

────────────────────────────────────────────────────────────────────────────────
TURN 3

The torchlight gutters as you descend the last worn steps into the chamber below. Stone gives way to packed earth, and the smell of old iron and damp rot fills your lungs. Before you stretches a vaulted hall, its ceiling lost in shadow, its walls carved with the faces of forgotten gods — their stone eyes hollow, their mouths open in eternal silence. At the far end, a heavy oak door stands sealed with a rusted iron lock. To your left, a narrow passage bleeds cold air. To your right, the remnants of a campfire — ash, bones, a leather satchel left behind by someone who didn't return.

1️⃣ Approach the sealed oak door and examine the iron lock closely.
2️⃣ Follow the cold air down the narrow passage to the left.
3️⃣ Investigate the abandoned campfire and the leather satchel.
────────────────────────────────────────────────────────────────────────────────


━━ TURN 4 ━━
📋 Investigate the abandoned campfire and the leather satchel.
🔄 Waiting for narration...
🎭 ............✅

────────────────────────────────────────────────────────────────────────────────
TURN 4

The tavern smells of pine resin and old ale. Firelight catches the amber in your drink, throws dancing shadows across the rafters where dried herbs hang in dusty bundles. The barkeep — a broad woman with silver-streaked braids — slides a second cup toward you without being asked. Outside, wind pushes against the shutters with quiet insistence. A hooded traveler in the corner hasn't touched their meal in an hour. On the board near the door, a fresh notice catches your eye: bold ink, a wax seal you almost recognize.

What do you do?

1️⃣ Approach the hooded traveler and strike up conversation
2️⃣ Walk to the notice board and read the posted announcement
3️⃣ Signal the barkeep and ask what's got the town on edge tonight
────────────────────────────────────────────────────────────────────────────────


━━ TURN 5 ━━
📋 Walk to the notice board and read the posted announcement
🔄 Waiting for narration...
🎭 .................✅

────────────────────────────────────────────────────────────────────────────────
TURN 5

The world assembles itself around you like a memory returning from deep sleep.

You stand at the edge of a cobblestone road, where the last amber light of afternoon bleeds into the treeline. The village of Millhaven lies a quarter mile ahead — smoke rising lazy from chimneys, the distant sound of a blacksmith's hammer ringing like a slow heartbeat. The air smells of pine resin and distant rain. Behind you, the road disappears into the dark throat of Ashwood Forest.

Something feels unfinished. Something always does, at the beginning.

Who are you, and what brings you to this place?

1️⃣ You are a wandering mercenary, following a rumor of well-paying work in Millhaven — something about missing livestock, or worse.
2️⃣ You are a scholar-mage, tracking an arcane anomaly that your instruments detected somewhere near this region.
3️⃣ You are a former local, returning to Millhaven after years away — drawn back by a letter that arrived unsigned and smelling faintly of ash.

⚔️  COMBAT:
   • miss
────────────────────────────────────────────────────────────────────────────────


━━ TURN 6 ━━
📋 You are a former local, returning to Millhaven after years away — drawn back by a letter that arrived unsigned and smelling faintly of ash.
🔄 Waiting for narration...
🎭 ...............✅

────────────────────────────────────────────────────────────────────────────────
TURN 6

The tavern smells of pine resin and old ale, smoke curling from a central hearth that throws amber shadows across rough-hewn walls. Outside, wind moves through the Thornwood like a living thing — restless, searching. You arrived at dusk, road-worn and trail-hungry, drawn to the warmth of the Broken Antler Inn like a moth to a candle.

The common room is alive with quiet tension. A hooded merchant nurses his drink alone. Two miners argue in low, urgent voices near the fire. The barkeep — a broad woman with silver-streaked braids — watches everyone with eyes that miss nothing.

Something is happening in this town.

1️⃣ Approach the barkeep and ask what's got everyone so wound tight tonight
2️⃣ Slide into a seat near the miners and listen to what they're arguing about
3️⃣ Study the hooded merchant from across the room — something about him feels off

⚔️  COMBAT:
   • miss
────────────────────────────────────────────────────────────────────────────────


━━ TURN 7 ━━
📋 Study the hooded merchant from across the room — something about him feels off
🔄 Waiting for narration...
🎭 ............✅

────────────────────────────────────────────────────────────────────────────────
TURN 7

The tavern smells of pine resin and spilled ale. A fire crackles in the hearth, throwing amber shadows across the faces of road-weary travelers and locals nursing their cups. You stand at the threshold, the door still open behind you, cold night air pressing at your back. The barkeep — a broad woman with silver-streaked hair and watchful eyes — wipes down the bar with practiced indifference. In the corner, a hooded figure hunches over a parchment. At a central table, three mercenaries argue in low, tense voices over something wrapped in cloth.

Where do you turn your attention?

1️⃣ Approach the barkeep and order a drink, striking up conversation
2️⃣ Move closer to the hooded figure and try to glimpse the parchment
3️⃣ Settle near the mercenaries and eavesdrop on their argument
────────────────────────────────────────────────────────────────────────────────


━━ TURN 8 ━━
📋 Approach the barkeep and order a drink, striking up conversation
🔄 Waiting for narration...
🎭 ..............✅

────────────────────────────────────────────────────────────────────────────────
TURN 8

The torchlight gutters as you descend the last worn step into the chamber below. Stone breathes cold air against your skin — ancient, still, carrying the faint mineral tang of deep earth. The room opens before you like a held secret: vaulted ceiling lost in shadow, walls carved with interlocking serpent motifs that seem to writhe at the edge of your vision. Three corridors branch outward like the fingers of a buried hand. Somewhere in the darkness ahead, water drips in patient, rhythmic measure. Your equipment settles against your body. You are here. The adventure begins.

1️⃣ Examine the carved serpent motifs on the walls more closely, searching for hidden meaning or mechanisms
2️⃣ Listen carefully at each of the three corridors, trying to determine what lies beyond
3️⃣ Move cautiously toward the corridor from which the sound of dripping water originates
────────────────────────────────────────────────────────────────────────────────


━━ TURN 9 ━━
📋 Listen carefully at each of the three corridors, trying to determine what lies beyond
🔄 Waiting for narration...
🎭 ..............✅

────────────────────────────────────────────────────────────────────────────────
TURN 9

The torchlight gutters as you descend the final steps into the chamber below. Stone breathes cold around you — ancient, patient, indifferent to your arrival. The room opens wide: vaulted ceilings lost in shadow, moss-eaten pillars standing like petrified sentinels, and at the far end, a heavy iron door scarred with old runes that pulse faintly green. The air smells of earth and something older. Dust motes drift lazily through your torchbeam. Somewhere behind the walls, water drips in slow, rhythmic intervals. You are not alone — you can feel it in the stillness itself.

1️⃣ Approach the iron door and examine the glowing runes up close
2️⃣ Search the chamber's shadows and pillars for signs of what lurks within
3️⃣ Call out into the darkness, making your presence known with bold words
────────────────────────────────────────────────────────────────────────────────


━━ TURN 10 ━━
📋 Approach the iron door and examine the glowing runes up close
🔄 Waiting for narration...
🎭 .....
════════════════════════════════════════════════════════════════════════════════
SESSION 2 - GAME 46f101b2...
════════════════════════════════════════════════════════════════════════════════

🎮 Starting game...


━━ TURN 1 ━━
📋 Let's begin.
🔄 Waiting for narration...
⚠️  No narration received

━━ TURN 11 ━━
📋 Continue the adventure.
🔄 Waiting for narration...
🎭 ..............✅

────────────────────────────────────────────────────────────────────────────────
TURN 1

The torchlight gutters as you descend the last worn step into the chamber below. Stone walls weep with mineral-stained moisture, and the air carries the cold breath of deep earth — ancient, undisturbed, patient. Ahead, the passage opens into something vast. Your eyes adjust slowly. Carved pillars rise like giants from the dark, their surfaces etched with symbols older than the kingdom above. Somewhere in the distance, water drips in a steady, deliberate rhythm. The silence between each drop feels alive. Something is down here. You can feel it the way you feel a storm before the thunder speaks.

1️⃣ Advance carefully between the pillars, scanning for movement or traps
2️⃣ Examine the carved symbols on the nearest pillar more closely
3️⃣ Listen intently and call out into the darkness, announcing your presence
────────────────────────────────────────────────────────────────────────────────


━━ TURN 2 ━━
📋 Listen intently and call out into the darkness, announcing your presence
🔄 Waiting for narration...
🎭 ..............✅

────────────────────────────────────────────────────────────────────────────────
TURN 2

The torchlight gutters as you descend the last worn stone step, and the dungeon exhales — cold air carrying the scent of old iron and damp earth. The chamber before you opens wide, its vaulted ceiling lost in shadow. Moss crawls between the flagstones. Three passages branch ahead like the fingers of a buried hand, each swallowed by darkness. Somewhere deep in the leftmost tunnel, water drips in slow, patient rhythm. The rightmost breathes a faint warmth, as if something living waits beyond. The center passage is silent — utterly, unnervingly silent.

Your adventure begins here.

1️⃣ Take the left passage, following the sound of dripping water
2️⃣ Take the right passage, drawn toward the mysterious warmth
3️⃣ Examine the central passage more closely before committing to any path
────────────────────────────────────────────────────────────────────────────────


━━ TURN 3 ━━
📋 Take the right passage, drawn toward the mysterious warmth
🔄 Waiting for narration...
⚠️  No narration received

━━ TURN 12 ━━
📋 Continue the adventure.
🔄 Waiting for narration...
🎭 ...............✅

────────────────────────────────────────────────────────────────────────────────
TURN 3

The torchlight gutters as you descend the last worn step into the chamber below. Stone breathes cold air against your skin — the particular cold of places that have never known sunlight. The room opens before you like a held breath: vaulted ceiling lost in shadow, walls carved with old reliefs of figures mid-war, their faces worn smooth by centuries of damp. At the far end, a heavy iron door stands slightly ajar, amber light bleeding through the gap. Somewhere beyond it, something moves — the scrape of weight on stone, deliberate and slow.

1️⃣ Approach the iron door cautiously, pressing your back to the wall as you peer through the gap to see what waits beyond.
2️⃣ Study the carved reliefs on the chamber walls — old carvings often hold warnings, or secrets worth knowing before pressing forward.
3️⃣ Call out into the silence, your voice steady and deliberate, announcing your presence to whatever stirs beyond the door.
────────────────────────────────────────────────────────────────────────────────


━━ TURN 4 ━━
📋 Call out into the silence, your voice steady and deliberate, announcing your presence to whatever stirs beyond the door.
🔄 Waiting for narration...
🎭 ...............✅

────────────────────────────────────────────────────────────────────────────────
TURN 4

The torchlight gutters and steadies. You stand at the threshold of a stone corridor that breathes cold air like a sleeping beast — ancient, damp, smelling of iron and forgotten centuries. Moss crawls the walls in dark velvet patches. Somewhere ahead, water drips in a slow, patient rhythm. Behind you, the entrance has already swallowed the last grey light of the overworld. This place has been waiting. The silence here is not empty — it is *full*, pressed tight with secrets and old bones and things that do not wish to be found.

What do you do?

1️⃣ Move cautiously down the corridor, hand on your weapon, watching the shadows for movement
2️⃣ Pause at the threshold and listen carefully — studying the sounds and smells of the dungeon before committing
3️⃣ Call out into the darkness, announcing your presence with confidence, and see what answers
────────────────────────────────────────────────────────────────────────────────


━━ TURN 5 ━━
📋 Move cautiously down the corridor, hand on your weapon, watching the shadows for movement
🔄 Waiting for narration...
⚠️  No narration received

━━ TURN 13 ━━
📋 Continue the adventure.
🔄 Waiting for narration...
🎭 .......⚠️  No narration received

━━ TURN 6 ━━
📋 Continue the adventure.
🔄 Waiting for narration...
⚠️  No narration received

━━ TURN 14 ━━
📋 Continue the adventure.
🔄 Waiting for narration...
🎭 ..............✅

────────────────────────────────────────────────────────────────────────────────
TURN 6

The torch gutters in your hand as you descend the last worn step into the chamber below. Stone walls breathe cold air — ancient, undisturbed. The room opens before you like a held secret finally released: vaulted ceiling lost in shadow, a cracked mosaic floor depicting a serpent devouring its own tail, and three passages carved into the far wall, each marked with a different symbol chiseled above its arch. Dust motes drift like snow in your torchlight. Somewhere deep in one of those tunnels, water drips with patient, rhythmic certainty. You are the first living soul here in a very long time.

1️⃣ Examine the mosaic floor closely for hidden meaning or concealed mechanisms
2️⃣ Study the three symbols above the passages to determine which path to take
3️⃣ Call out into the darkness and listen carefully for any response
────────────────────────────────────────────────────────────────────────────────


━━ TURN 7 ━━
📋 Call out into the darkness and listen carefully for any response
🔄 Waiting for narration...
🎭 ...........⚠️  No narration received

━━ TURN 15 ━━
📋 Continue the adventure.
🔄 Waiting for narration...

════════════════════════════════════════════════════════════════════════════════
SESSION 3 - GAME b4f934fe...
════════════════════════════════════════════════════════════════════════════════

🎮 Starting game...


━━ TURN 1 ━━
📋 Let's begin.
🔄 Waiting for narration...
⚠️  No narration received

━━ TURN 8 ━━
📋 Continue the adventure.
🔄 Waiting for narration...
⚠️  No narration received

━━ TURN 16 ━━
📋 Continue the adventure.
🔄 Waiting for narration...
🎭 ..............✅

────────────────────────────────────────────────────────────────────────────────
TURN 1

The torchlight gutters as you step through the heavy oak doors, and the world behind you — the cold cobblestones, the smell of rain — falls away like a shed skin.

Before you stretches the antechamber of the Thornveil Dungeon, its stone walls slick with centuries of damp. Iron sconces hold dying flames that cast long, trembling shadows across the floor. Carved into the lintel above: *Those who seek shall find. Those who find shall wish they hadn't.*

A corridor branches three ways ahead. From the left, distant metallic clanging. From the right, silence so thick it presses against your ears. Straight ahead, faint amber light pulses like a slow heartbeat.

1️⃣ Head left toward the metallic clanging sounds
2️⃣ Venture right into the oppressive silence
3️⃣ Move straight ahead toward the pulsing amber light
────────────────────────────────────────────────────────────────────────────────


━━ TURN 2 ━━
📋 Move straight ahead toward the pulsing amber light
🔄 Waiting for narration...
🎭 .......⚠️  No narration received

━━ TURN 9 ━━
📋 Continue the adventure.
🔄 Waiting for narration...
.......✅

────────────────────────────────────────────────────────────────────────────────
TURN 2

The tavern smells of pine resin and old ale. A fire crackles in the stone hearth, casting amber light across rough-hewn tables where merchants argue over maps and a lone bard plucks a melancholy tune no one asked for. Rain hammers the shuttered windows. You've been riding for three days, and this crossroads town — Ashfeld, they call it — is the first warm light you've seen since the Thornwood.

The barkeep, a broad woman with silver-streaked braids, slides a cup toward you without being asked. She reads travelers well.

"You've got the look of someone who needs work," she says quietly.

1️⃣ Ask the barkeep what kind of work she has in mind
2️⃣ Scan the tavern for other patrons who might offer opportunity
3️⃣ Ignore the comment and request a room for the night first
────────────────────────────────────────────────────────────────────────────────


━━ TURN 3 ━━
📋 Ignore the comment and request a room for the night first
🔄 Waiting for narration...
🎭 ..⚠️  No narration received

━━ TURN 17 ━━
📋 Continue the adventure.
🔄 Waiting for narration...
...........✅

────────────────────────────────────────────────────────────────────────────────
TURN 3

The torchlight gutters as you descend the last worn stone step, and the dungeon breathes — cold, damp air carrying the faint copper-smell of old blood and older stone. The corridor ahead splits into three passages. The left tunnel hums with a low, sourceless vibration, as though something massive sleeps behind its walls. The right passage glitters — mineral deposits catching your light like a thousand half-open eyes. Straight ahead, a heavy iron door stands slightly ajar, orange firelight bleeding through the gap. Somewhere beyond it, voices murmur in a language that isn't quite human.

1️⃣ Approach the iron door and listen carefully to the voices beyond
2️⃣ Investigate the glittering right passage
3️⃣ Follow the humming vibration down the left tunnel
────────────────────────────────────────────────────────────────────────────────


━━ TURN 4 ━━
📋 Follow the humming vibration down the left tunnel
🔄 Waiting for narration...
🎭 .........⚠️  No narration received

━━ TURN 10 ━━
📋 Continue the adventure.
🔄 Waiting for narration...
....✅

────────────────────────────────────────────────────────────────────────────────
TURN 4

The torchlight gutters as you descend the last worn step into the antechamber. Stone walls breathe cold air — ancient, undisturbed. The smell of damp earth and old iron fills your lungs. Before you, three passages yawn open like mouths mid-sentence. The left exhales warmth and the faint clink of metal. The center is silent as a held breath, its floor etched with faded runes that catch what little light you carry. The right slopes downward into absolute darkness, and from somewhere within it comes the slow, rhythmic sound of something vast moving through water.

1️⃣ Take the left passage toward the warmth and metallic sounds
2️⃣ Examine the runes on the center passage floor
3️⃣ Listen carefully at the right passage before deciding
────────────────────────────────────────────────────────────────────────────────


━━ TURN 5 ━━
📋 Take the left passage toward the warmth and metallic sounds
🔄 Waiting for narration...
🎭 ........⚠️  No narration received

━━ TURN 18 ━━
📋 Continue the adventure.
🔄 Waiting for narration...
.....✅

────────────────────────────────────────────────────────────────────────────────
TURN 5

The torchlight gutters as you descend the last worn step into the chamber below. Stone breathes cold air against your skin — damp, ancient, carrying the faint copper tang of old blood and older secrets. The room opens wide before you, its vaulted ceiling lost in shadow, its floor etched with symbols that catch the flame and seem to shift when you're not looking directly at them. Three passages branch outward like the fingers of a grasping hand. Somewhere deeper in, water drips in slow, patient rhythm. You are not alone in this silence — you can feel it.

1️⃣ Examine the shifting symbols carved into the floor more closely
2️⃣ Listen carefully at each of the three passages for signs of life
3️⃣ Call out into the darkness, announcing your presence boldly
────────────────────────────────────────────────────────────────────────────────


━━ TURN 6 ━━
📋 Call out into the darkness, announcing your presence boldly
🔄 Waiting for narration...
🎭 ..............✅

────────────────────────────────────────────────────────────────────────────────
TURN 6

The torchlight gutters as you descend the last worn steps into the chamber below. Stone walls breathe cold air against your skin, carrying the faint mineral smell of deep earth and old dust. Before you stretches a vaulted hall — pillars carved with serpentine reliefs rising to a ceiling lost in shadow. At the far end, a massive iron door stands half-ajar, amber light bleeding through the gap like a wound. Somewhere behind you, the stairwell groans, as though the dungeon itself has noticed your arrival. The silence here is the kind that listens.

1️⃣ Approach the iron door cautiously, listening for sounds beyond it before pushing it open
2️⃣ Examine the serpentine carvings on the pillars for clues about this place's history or purpose
3️⃣ Scout the perimeter of the hall, checking for side passages, hidden doors, or other exits
────────────────────────────────────────────────────────────────────────────────


━━ TURN 7 ━━
📋 Scout the perimeter of the hall, checking for side passages, hidden doors, or other exits
🔄 Waiting for narration...
🎭 ⚠️  No narration received

━━ TURN 11 ━━
📋 Continue the adventure.
🔄 Waiting for narration...
...............✅

────────────────────────────────────────────────────────────────────────────────
TURN 7

The torchlight catches the edges of a stone corridor carved from living rock, descending at a gentle angle into the earth. The air smells of mineral dust and old wood — somewhere ahead, timber supports creak under the mountain's patient weight. Your boots find solid footing on worn flagstones, each one pressed smooth by generations of passage. Behind you, daylight fades to a pale suggestion. Ahead, the corridor opens into a chamber where faint orange light pulses like a slow heartbeat, casting long shadows that shift and breathe. Something waits in that warmth. Something that does not know you are coming.

1️⃣ Advance cautiously toward the pulsing light, hand on weapon, moving in silence
2️⃣ Pause and listen — close your eyes and let your other senses map what lies ahead
3️⃣ Study the walls of the corridor for markings, carvings, or signs of who built this place
────────────────────────────────────────────────────────────────────────────────


━━ TURN 8 ━━
📋 Advance cautiously toward the pulsing light, hand on weapon, moving in silence
🔄 Waiting for narration...
⚠️  No narration received

━━ TURN 19 ━━
📋 Continue the adventure.
🔄 Waiting for narration...
🎭 ..............✅

────────────────────────────────────────────────────────────────────────────────
TURN 8

The torchlight gutters as you descend the last worn steps into the chamber below. Stone breathes cold air against your skin — ancient, still, undisturbed for longer than memory serves. The room opens before you like a held secret finally exhaled. Carved pillars line the walls, their faces worn smooth by centuries of darkness. At the far end, a door of blackened iron stands sealed, its surface traced with runes that pulse faintly — amber, then dark, amber, then dark — like the slow heartbeat of something waiting. Dust motes hang suspended, as though even the air is listening.

1️⃣ Approach the iron door and examine the runes more closely
2️⃣ Search the pillars and walls for hidden passages or clues
3️⃣ Call out into the darkness, listening for any response
────────────────────────────────────────────────────────────────────────────────


━━ TURN 9 ━━
📋 Search the pillars and walls for hidden passages or clues
🔄 Waiting for narration...
⚠️  No narration received

━━ TURN 12 ━━
📋 Continue the adventure.
🔄 Waiting for narration...
🎭 ⚠️  No narration received

━━ TURN 20 ━━
📋 Continue the adventure.
🔄 Waiting for narration...

════════════════════════════════════════════════════════════════════════════════
SESSION 4 - GAME 2dafef79...
════════════════════════════════════════════════════════════════════════════════

🎮 Starting game...


━━ TURN 1 ━━
📋 Let's begin.
🔄 Waiting for narration...
⚠️  No narration received

━━ TURN 10 ━━
📋 Continue the adventure.
🔄 Waiting for narration...
⚠️  No narration received

━━ TURN 13 ━━
📋 Continue the adventure.
🔄 Waiting for narration...
