╔════════════════════════════════════════╗
║   L1-L5 CAMPAIGN PROGRESSION TEST      ║
║   2 Characters • Full Handler Testing   ║
╚════════════════════════════════════════╝

[07:02:24] ✅ Connected to https://theystillsing.com
[07:02:24] ℹ️ Game ID: l1-l5-test-1777186941281
[07:02:24] ℹ️ Starting L1-L5 progression test with 2 characters
[07:02:25] ℹ️ 
🎲 PHASE 1: PARTY GENERATION (Level 1)
[07:02:55] ❌ Party generation timeout

╔════════════════════════════════════════╗
║           CAMPAIGN REPORT               ║
╚════════════════════════════════════════╝

📊 Statistics:
   • Levels completed: 1 → 5
   • Total encounters: 0
   • Total turns: 0
   • Handlers tested: 11
   • Errors: 1

🎮 Handlers Tested:
   ✅ generate_party
   ✅ set_verbosity
   ✅ set_ferocity
   ✅ set_pillars
   ✅ set_dm_persona
   ✅ set_timer
   ✅ skip_turn
   ✅ catch_up
   ✅ delete_character
   ✅ deactivate_character
   ✅ activate_character

🔴 Errors Encountered:
   1. Party generation timeout

📋 Campaign Log:
   Lines: 5
   Saved to: CAMPAIGN_TEST_LOG.md

✅ Results saved to L1-L5_TEST_RESULTS.md
