
╔════════════════════════════════════════════════════════════════╗
║              TAVERN TABLE - VERBOSE CAMPAIGN                    ║
║    Full Narration, Dice Rolls, and Combat Capture              ║
╚════════════════════════════════════════════════════════════════╝

🔐 Authenticating...

✅ Authenticated


════════════════════════════════════════════════════════════════════════════════
SESSION 1 - GAME 0277a2ee...
════════════════════════════════════════════════════════════════════════════════

🎮 Starting game...


━━ TURN 1 ━━
📋 Let's begin.
🔄 Waiting for narration...
🎭 ...............✅

────────────────────────────────────────────────────────────────────────────────
TURN 1

The torchlight gutters as you step across the threshold, your boots finding purchase on ancient stone slicked with something that might be moisture — or might not be. The dungeon breathes around you, a low exhalation of cold air from passages unseen. Somewhere deep below, water drips in patient rhythm, counting seconds like a metronome built for centuries.

You stand at the entrance hall. Three corridors branch before you like fingers of an open hand. Carved above each archway are symbols worn by time — a flame, a serpent, and an eye.

What calls to you?

1️⃣ Take the left passage beneath the carved flame — fire suggests warmth, civilization, perhaps a forge or sanctuary ahead.
2️⃣ Follow the central corridor under the serpent — it winds deeper, and the cold air flows strongest from its mouth.
3️⃣ Study the symbols more carefully before committing to any path — knowledge before action.
────────────────────────────────────────────────────────────────────────────────


━━ TURN 2 ━━
📋 Study the symbols more carefully before committing to any path — knowledge before action.
🔄 Waiting for narration...
🎭 .......................✅

────────────────────────────────────────────────────────────────────────────────
TURN 2

The tavern breathes with the low murmur of a dozen conversations, woodsmoke curling from a hearth that has never quite drawn properly. Tallow candles gutter on warped tables. The barkeep — a broad woman with a scar bisecting one eyebrow — wipes a clay mug with a rag that is doing more harm than good.

You stand at the threshold. The night at your back is cold and smells of rain-wet cobblestones. Inside is warmth, ale, and the particular possibility that only a crowded room carries.

Three things catch your eye immediately.

A hooded figure in the corner nurses a drink and watches the door — has been watching it, by the look of things. A leather satchel sits half-tucked beneath the bench, bulging with something that clinks faintly when the figure shifts.

At the bar, a young man in a courier's tabard argues in hushed, urgent tones with the barkeep, pressing a crumpled letter flat against the wood. His hands are shaking.

And pinned to the board beside the door — right at eye level, practically demanding to be read — is a fresh notice, the ink still dark, the parchment cream-white against older, yellowed postings.

The fire pops. Someone laughs too loudly.

1️⃣ Approach the hooded figure in the corner and find out what — or who — they're waiting for
2️⃣ Move to the bar and listen in on the courier's urgent conversation with the barkeep
3️⃣ Read the fresh notice pinned beside the door

⚔️  COMBAT:
   • hit
────────────────────────────────────────────────────────────────────────────────


━━ TURN 3 ━━
📋 Move to the bar and listen in on the courier's urgent conversation with the barkeep
🔄 Waiting for narration...
🎭 ...............✅

────────────────────────────────────────────────────────────────────────────────
TURN 3

The torchlight gutters as you descend the last worn stone step, and the dungeon opens before you like the ribcage of something ancient and dead. Moisture weeps down the walls. The air smells of rust and rot and something older — earth that hasn't seen sun in a century. Ahead, the passage splits: to the left, a faint amber glow pulses rhythmically like a slow heartbeat. To the right, silence so complete it feels deliberate, almost hungry. Behind you, the door you entered through has swung shut with a resonant, final *thud*.

Your hand finds your weapon instinctively.

1️⃣ Move toward the amber glow on the left passage, weapon drawn and senses sharp
2️⃣ Investigate the right passage — press into that unnatural silence to discover its source
3️⃣ Examine the door behind you — test whether it can be reopened, and look for any markings or mechanism
────────────────────────────────────────────────────────────────────────────────


━━ TURN 4 ━━
📋 Move toward the amber glow on the left passage, weapon drawn and senses sharp
🔄 Waiting for narration...
🎭 ...............✅

────────────────────────────────────────────────────────────────────────────────
TURN 4

The torchlight gutters as you descend the last worn steps into the chamber below. Stone gives way to packed earth, and the smell hits you first — old iron, damp rot, and something faintly sweet that doesn't belong underground.

The room opens wide before you. Crumbling pillars line the walls like broken teeth. At the far end, a heavy iron door stands half-ajar, rust weeping down its face like dried blood. To your left, a collapsed section of wall reveals a narrow passage choked with rubble and shadow. Something scratched crude symbols into the stone near the door — recent work, by the look of the pale dust still falling.

You are alone. For now.

1️⃣ Approach the iron door and examine the crude symbols carved into the stone beside it
2️⃣ Squeeze through the narrow rubble passage to the left, moving quietly into the darkness beyond
3️⃣ Stand still and listen carefully — let the dungeon speak before you move another step

⚔️  COMBAT:
   • hit
────────────────────────────────────────────────────────────────────────────────


━━ TURN 5 ━━
📋 Squeeze through the narrow rubble passage to the left, moving quietly into the darkness beyond
🔄 Waiting for narration...
🎭 ............✅

────────────────────────────────────────────────────────────────────────────────
TURN 5

The torchlight flickers against ancient stone walls, casting long shadows that writhe like living things. You stand at the threshold of something old — a carved archway etched with runes that pulse faintly, as though breathing. The air smells of cold earth and distant smoke. Behind you, the path you traveled winds back into darkness. Ahead, three passages split from this chamber like veins from a heart. A skeleton lies crumpled against the far wall, its bony fingers still clutching a torn piece of parchment.

1️⃣ Approach the skeleton and examine the parchment it holds
2️⃣ Study the glowing runes carved into the archway
3️⃣ Listen carefully at each of the three passages for sounds beyond
────────────────────────────────────────────────────────────────────────────────


━━ TURN 6 ━━
📋 Study the glowing runes carved into the archway
🔄 Waiting for narration...
🎭 ..............✅

────────────────────────────────────────────────────────────────────────────────
TURN 6

The torch gutters in the damp air as you descend the final worn steps into the dungeon's antechamber. Moss clings to the stone walls like old scars. The smell of earth and something older — something that hasn't seen sunlight in decades — fills your lungs. Ahead, three passages branch away into darkness: one marked with crude claw-scratches, one sealed with a rusted iron door hanging half-open, and one that breathes a faint, rhythmic wind as if the stone itself exhales. Behind you, the entrance grinds shut with a sound like grinding teeth.

You are alone. You are ready.

1️⃣ Follow the passage marked with claw-scratches, weapons drawn
2️⃣ Push through the rusted iron door, listening carefully before entering
3️⃣ Investigate the breathing passage — the rhythmic wind feels deliberate, almost like a signal
────────────────────────────────────────────────────────────────────────────────


━━ TURN 7 ━━
📋 Push through the rusted iron door, listening carefully before entering
🔄 Waiting for narration...
🎭 .............✅

────────────────────────────────────────────────────────────────────────────────
TURN 7

The tavern smells of pine resin and spilled ale. A fire crackles in the hearth, throwing amber light across the weathered faces of travelers and locals alike. You stand at the threshold, road dust still on your boots, the weight of your gear familiar against your shoulders.

The barkeep — a broad woman with silver-streaked hair and a scar along her jaw — eyes you from across the room with the practiced wariness of someone who has seen every kind of trouble walk through that door.

In the corner, two merchants argue in hushed, urgent voices. At the bar, a cloaked figure nurses a drink alone.

1️⃣ Approach the barkeep and ask what work might be available in this town
2️⃣ Slide into a seat near the arguing merchants and listen to their conversation
3️⃣ Take a stool beside the cloaked stranger at the bar and offer to buy them a drink
────────────────────────────────────────────────────────────────────────────────


━━ TURN 8 ━━
📋 Slide into a seat near the arguing merchants and listen to their conversation
🔄 Waiting for narration...
🎭 ⚠️  No narration received

━━ TURN 9 ━━
📋 Continue the adventure.
🔄 Waiting for narration...

════════════════════════════════════════════════════════════════════════════════
SESSION 2 - GAME 31e702de...
════════════════════════════════════════════════════════════════════════════════

🎮 Starting game...


━━ TURN 1 ━━
📋 Let's begin.
🔄 Waiting for narration...
🎭 ..........⚠️  No narration received

━━ TURN 10 ━━
📋 Continue the adventure.
🔄 Waiting for narration...
..✅

────────────────────────────────────────────────────────────────────────────────
TURN 1

The torchlight gutters as you step into the dungeon's first chamber. Moss clings to ancient stonework, and somewhere ahead water drips in steady rhythm against silence. The air smells of wet earth and something older — iron, maybe, or forgotten years. A collapsed archway to your left reveals a passage choked with rubble. Ahead, a heavy oak door stands closed, a faint amber glow bleeding beneath it. To your right, crude symbols are scratched into the wall at eye level, recent enough that the dust hasn't settled back into the grooves.

1️⃣ Examine the symbols scratched into the wall more closely
2️⃣ Press your ear against the heavy oak door and listen
3️⃣ Pick through the rubble of the collapsed archway
────────────────────────────────────────────────────────────────────────────────


━━ TURN 2 ━━
📋 Press your ear against the heavy oak door and listen
🔄 Waiting for narration...
🎭 ...................✅

────────────────────────────────────────────────────────────────────────────────
TURN 2

The torch gutters in the wind that shouldn't exist down here.

You stand at the threshold of the Dungeon of Echoing Stone — a yawning mouth carved into the hillside by hands that forgot the sun long ago. The air bleeding out from the darkness smells of wet iron and old silence. Somewhere deep within, water drips in a slow, patient rhythm, like a heartbeat counting down to something.

The entrance passage stretches before you, roughly ten feet wide, its walls slick with moisture. Two iron sconces hang empty. Crude carvings — warnings, or prayers, you cannot tell — line the stonework at shoulder height.

Your hand finds the hilt at your hip. Old habit. Good habit.

Whatever brought you here — coin, vengeance, curiosity — it waits in the dark ahead.

1️⃣ Light a torch and press forward into the passage, examining the carvings on the walls as you move
2️⃣ Pause and listen carefully at the threshold, letting your senses map the dungeon's sounds before entering
3️⃣ Call out into the darkness — if anything waits inside, better to know its reaction now than later
────────────────────────────────────────────────────────────────────────────────


━━ TURN 3 ━━
📋 Light a torch and press forward into the passage, examining the carvings on the walls as you move
🔄 Waiting for narration...
🎭 ............✅

────────────────────────────────────────────────────────────────────────────────
TURN 3

The torchlight gutters as your boots find purchase on the cold stone floor. The dungeon breathes around you — a slow exhalation of damp air carrying the scent of moss, old iron, and something older still. Shadows pool in the corners like dark water, and the silence is the kind that listens back.

You stand at a crossroads carved from living rock. Three passages split before you like the fingers of an open hand. From the left, a faint warmth pulses — unnatural, rhythmic. From the right, the distant sound of water. Dead ahead, a door of black iron, rune-etched and sealed.

1️⃣ Investigate the left passage, moving toward the strange warmth
2️⃣ Follow the sound of water down the right passage
3️⃣ Examine the rune-etched iron door ahead
────────────────────────────────────────────────────────────────────────────────


━━ TURN 4 ━━
📋 Examine the rune-etched iron door ahead
🔄 Waiting for narration...
⚠️  No narration received

━━ TURN 11 ━━
📋 Continue the adventure.
🔄 Waiting for narration...
🎭 ..............✅

────────────────────────────────────────────────────────────────────────────────
TURN 4

The torchlight flickers against ancient stone walls, casting long shadows that writhe like living things. You stand at the threshold of a weathered tavern door — the Broken Compass Inn — its sign creaking on rusted hinges in the cold night wind. Behind you, a muddy road stretches into darkness. Before you, the smell of woodsmoke, roasted meat, and stale ale bleeds through the cracks in the timber frame.

Inside, muffled voices rise and fall. Someone is arguing. Someone else is laughing too loud for comfort.

Your hand rests on the door handle, cold iron beneath your fingers.

What will you do?

1️⃣ Push through the door boldly and survey the room — let them see you enter
2️⃣ Ease the door open slowly and observe the tavern from the threshold before committing
3️⃣ Linger outside and press your ear to the wall, listening to the argument within
────────────────────────────────────────────────────────────────────────────────


━━ TURN 5 ━━
📋 Linger outside and press your ear to the wall, listening to the argument within
🔄 Waiting for narration...
🎭 ............✅

────────────────────────────────────────────────────────────────────────────────
TURN 5

The torchlight gutters as you step across the threshold, your boots finding ancient stone worn smooth by a thousand years of forgotten feet. The air carries the smell of cold earth and something older — mineral and still, like the breath of a place that has never known sunlight. Before you stretches a vaulted corridor, its ceiling lost in shadow, pillars carved with serpentine figures that seem to shift when you're not looking directly at them. Somewhere ahead, water drips in a slow, deliberate rhythm. A faint amber glow pulses from somewhere deeper in — too steady to be flame.

1️⃣ Move cautiously toward the amber glow, hand on your weapon, staying close to the wall
2️⃣ Examine the carved serpentine pillars more closely before proceeding
3️⃣ Call out into the darkness — announce your presence boldly
────────────────────────────────────────────────────────────────────────────────


━━ TURN 6 ━━
📋 Move cautiously toward the amber glow, hand on your weapon, staying close to the wall
🔄 Waiting for narration...
🎭 ......⚠️  No narration received

━━ TURN 12 ━━
📋 Continue the adventure.
🔄 Waiting for narration...
.......✅

────────────────────────────────────────────────────────────────────────────────
TURN 6

The torchlight flickers against ancient stone as your boots find purchase on the worn flagstones of the entrance hall. Dust motes swirl in the amber light — this place has not known living breath in decades. The air carries the cold, mineral scent of deep earth and something older, something that presses against the back of your throat like forgotten memories. Ahead, the corridor splits into three passages. To your left, a low grinding sound pulses rhythmically. To your right, faint luminescence bleeds under a sealed door. Straight ahead — silence, which in places like this, means everything.

1️⃣ Move left toward the grinding sound, hand on your weapon
2️⃣ Approach the sealed door on the right and examine the strange light
3️⃣ Advance carefully down the silent central passage
────────────────────────────────────────────────────────────────────────────────


━━ TURN 7 ━━
📋 Move left toward the grinding sound, hand on your weapon
🔄 Waiting for narration...
🎭 ............✅

────────────────────────────────────────────────────────────────────────────────
TURN 7

The torchlight gutters as you step into the threshold of the ancient dungeon, its breath cold and mineral against your face. Stone passages branch before you like the fingers of a buried giant — left, right, and straight ahead. Somewhere deep below, water drips in a slow, patient rhythm. The walls are carved with old runes that catch the light strangely, as if the symbols themselves are watching. Your boots crunch over scattered bones — small ones, animal perhaps — and the air carries the faint, acrid scent of something recently burned.

You are here. The adventure begins now.

1️⃣ Take the left passage, following the smell of smoke toward its source
2️⃣ Examine the runes carved into the walls more closely before proceeding
3️⃣ Call out into the darkness ahead, announcing your presence boldly
────────────────────────────────────────────────────────────────────────────────


━━ TURN 8 ━━
📋 Examine the runes carved into the walls more closely before proceeding
🔄 Waiting for narration...
⚠️  No narration received

━━ TURN 13 ━━
📋 Continue the adventure.
🔄 Waiting for narration...
⚠️  No narration received

━━ TURN 9 ━━
📋 Continue the adventure.
🔄 Waiting for narration...

════════════════════════════════════════════════════════════════════════════════
SESSION 3 - GAME d5914a5b...
════════════════════════════════════════════════════════════════════════════════

🎮 Starting game...


━━ TURN 1 ━━
📋 Let's begin.
🔄 Waiting for narration...
⚠️  No narration received

━━ TURN 14 ━━
📋 Continue the adventure.
🔄 Waiting for narration...
🎭 ..⚠️  No narration received

━━ TURN 10 ━━
📋 Continue the adventure.
🔄 Waiting for narration...
..............✅

────────────────────────────────────────────────────────────────────────────────
TURN 1

The tavern smells of pine resin and old smoke. A fire crackles low in the hearth, casting amber light across rough-hewn tables where locals nurse their drinks in comfortable silence. Rain taps steadily against the shuttered windows. You stand just inside the doorway, road dust still on your boots, the warmth of the common room wrapping around you like a wool cloak.

The barkeep — a broad-shouldered woman with silver-streaked hair — glances up from wiping the counter. A hooded figure sits alone in the far corner, nursing something dark in a clay cup. Near the fire, two merchants argue quietly over a map spread between their tankards.

The night is young. The world is open.

1️⃣ Approach the barkeep and ask about rooms, rumors, or work available in the area
2️⃣ Make your way to the hooded figure in the corner — their isolation feels deliberate, and deliberate things are often interesting
3️⃣ Slide into the seat near the merchants and get a look at that map they're arguing over
────────────────────────────────────────────────────────────────────────────────


━━ TURN 2 ━━
📋 Make your way to the hooded figure in the corner — their isolation feels deliberate, and deliberate things are often interesting
🔄 Waiting for narration...
🎭 ...⚠️  No narration received

━━ TURN 15 ━━
📋 Continue the adventure.
🔄 Waiting for narration...
...........✅

────────────────────────────────────────────────────────────────────────────────
TURN 2

The torchlight gutters as you cross the threshold, and the dungeon exhales — cold air, old stone, the faint copper tang of something long dead. Your boots find purchase on worn flagstones, each step echoing in the dark corridor ahead. Moss clings to the mortar between ancient blocks. Somewhere deeper in, water drips in slow, patient rhythm. The passage branches before you: left toward a faint amber glow that pulses like a dying ember, right toward silence so complete it has weight. Behind you, the entrance seals with a sound like a held breath finally released.

1️⃣ Move toward the amber glow on the left passage, hand on your weapon
2️⃣ Take the right passage into the deep silence, moving carefully
3️⃣ Examine the sealed entrance behind you for mechanisms or markings
────────────────────────────────────────────────────────────────────────────────


━━ TURN 3 ━━
📋 Move toward the amber glow on the left passage, hand on your weapon
🔄 Waiting for narration...
🎭 .....⚠️  No narration received

━━ TURN 11 ━━
📋 Continue the adventure.
🔄 Waiting for narration...
.........✅

────────────────────────────────────────────────────────────────────────────────
TURN 3

The tavern smells of pine resin and old ale. Firelight throws amber shadows across rough-hewn walls hung with hunting trophies — a boar's tusked skull, antlers like gnarled hands reaching from the plaster. A dozen patrons nurse their drinks in comfortable silence. Behind the bar, a broad-shouldered woman with a grey-streaked braid polishes a tankard with the focused patience of someone who has done it ten thousand times.

You stand just inside the door, road dust still on your boots, the cold evening air at your back before the door swings shut.

The hearth crackles. Someone laughs quietly in a corner booth.

1️⃣ Approach the bar and order a drink, sizing up the barkeep
2️⃣ Scan the room carefully before committing to any direction
3️⃣ Head toward the corner booth where the laughter came from
────────────────────────────────────────────────────────────────────────────────


━━ TURN 4 ━━
📋 Head toward the corner booth where the laughter came from
🔄 Waiting for narration...
🎭 ..........⚠️  No narration received

━━ TURN 16 ━━
📋 Continue the adventure.
🔄 Waiting for narration...
......✅

────────────────────────────────────────────────────────────────────────────────
TURN 4

The torchlight flickers as you step across the threshold, your boots finding purchase on ancient stone worn smooth by centuries of passing feet. The air carries the smell of old earth and something sharper — iron, or perhaps old blood. Before you stretches a vaulted corridor, its ceiling lost in shadow above carved pillars that lean like tired sentinels.

At the far end, a heavy oak door stands ajar, amber light bleeding through the crack. To your left, a narrow passage breathes cold air from somewhere deep below. The silence here is thick — the kind that listens back.

Your hand finds your weapon without thinking. Something is here with you.

1️⃣ Approach the oak door cautiously, pressing your back to the wall as you peer through the crack at whatever light source waits beyond.
2️⃣ Investigate the narrow left passage, following the cold draft to discover where it originates in the darkness below.
3️⃣ Hold your position, close your eyes, and listen — letting the silence tell you what moves within it before committing to any direction.
────────────────────────────────────────────────────────────────────────────────


━━ TURN 5 ━━
📋 Investigate the narrow left passage, following the cold draft to discover where it originates in the darkness below.
🔄 Waiting for narration...
🎭 ...........✅

────────────────────────────────────────────────────────────────────────────────
TURN 5

The torchlight flickers against ancient stone walls as you stand at the threshold of a forgotten dungeon. The air smells of damp earth and something older — iron, perhaps, or the dust of centuries undisturbed. Behind you, the world continues its ordinary business. Ahead, darkness breathes like a living thing.

A carved archway frames the entrance, its stonework depicting serpents devouring their own tails. Someone — or something — has recently scratched fresh claw marks into the left pillar. Three paths diverge beyond the arch, each swallowed by shadow.

The silence here has weight.

1️⃣ Step through the archway and examine the claw marks more closely
2️⃣ Light an additional torch and call out into the darkness ahead
3️⃣ Study the three diverging paths, listening carefully for any sounds
────────────────────────────────────────────────────────────────────────────────


━━ TURN 6 ━━
📋 Step through the archway and examine the claw marks more closely
🔄 Waiting for narration...
⚠️  No narration received

━━ TURN 12 ━━
📋 Continue the adventure.
🔄 Waiting for narration...
🎭 ...............✅

────────────────────────────────────────────────────────────────────────────────
TURN 6

The torchlight flickers against ancient stone as you stand at the threshold of your adventure. The air carries the mingled scents of damp earth and distant smoke — somewhere deeper in this world, something stirs.

You are a hero of some renown, your reputation preceding you like a shadow at noon. The road behind you is long. The road ahead, longer still.

Before you stretches a crossroads town called **Amberveil** — a settlement perched between civilization and wilderness, where desperate folk and dangerous opportunities congregate like moths around a dying flame.

A hooded figure watches you from across the muddy square.

1️⃣ Approach the hooded figure directly and demand to know why they're watching you
2️⃣ Slip into the nearest tavern, the **Rusted Flagon**, to gather rumors before making any moves
3️⃣ Head toward the town notice board, where several weathered parchments flutter in the cold wind
────────────────────────────────────────────────────────────────────────────────


━━ TURN 7 ━━
📋 Approach the hooded figure directly and demand to know why they're watching you
🔄 Waiting for narration...
⚠️  No narration received

━━ TURN 17 ━━
📋 Continue the adventure.
🔄 Waiting for narration...
🎭 .............✅

────────────────────────────────────────────────────────────────────────────────
TURN 7

The tavern smells of pine resin and spilled ale. A fire pops in the hearth, throwing amber light across rough-hewn tables where travelers nurse their drinks in comfortable silence. You stand at the threshold, road dust still clinging to your boots, the weight of the world momentarily held at bay by warmth and the low murmur of voices.

The barkeep — a broad woman with silver-streaked hair and forearms like dock rope — catches your eye from across the room. A hooded figure sits alone in the corner, nursing something dark. A notice board near the door bristles with parchment.

1️⃣ Approach the barkeep and ask what work needs doing in these parts
2️⃣ Examine the notice board for posted jobs or bounties
3️⃣ Settle at the bar with a drink and listen to what the other patrons are talking about
────────────────────────────────────────────────────────────────────────────────


━━ TURN 8 ━━
📋 Examine the notice board for posted jobs or bounties
🔄 Waiting for narration...
🎭 ..⚠️  No narration received

━━ TURN 13 ━━
📋 Continue the adventure.
🔄 Waiting for narration...
................✅

────────────────────────────────────────────────────────────────────────────────
TURN 8

The torchlight flickers as you descend the final worn steps, and the dungeon opens before you like the hollow chest of some ancient beast. Stone walls sweat with moisture. Somewhere distant, water drips in a slow, patient rhythm — *drip... drip... drip* — counting seconds like a death-knell clock.

The air tastes of iron and old earth. Your breath mists faintly. Before you stretches a wide corridor, its flagstones cracked and frost-kissed despite the underground heat. Three passages branch ahead: one carved smooth with deliberate stonework, one ragged and natural, and one sealed behind a heavy iron door etched with a serpent devouring its own tail.

Your hand finds your weapon instinctively.

1️⃣ Take the smooth carved passage — someone built this place with purpose, and purpose leaves clues worth following.
2️⃣ Follow the natural tunnel — rawer, wilder, but natural passages often lead to things builders tried to avoid.
3️⃣ Examine the iron door with the serpent seal more closely before committing to any path.
────────────────────────────────────────────────────────────────────────────────


━━ TURN 9 ━━
📋 Examine the iron door with the serpent seal more closely before committing to any path.
🔄 Waiting for narration...
🎭 ⚠️  No narration received

━━ TURN 18 ━━
📋 Continue the adventure.
🔄 Waiting for narration...

════════════════════════════════════════════════════════════════════════════════
SESSION 4 - GAME 213aaffa...
════════════════════════════════════════════════════════════════════════════════

🎮 Starting game...

⚠️  No narration received

━━ TURN 14 ━━
📋 Continue the adventure.
🔄 Waiting for narration...

━━ TURN 1 ━━
📋 Let's begin.
🔄 Waiting for narration...
⚠️  No narration received

━━ TURN 10 ━━
📋 Continue the adventure.
🔄 Waiting for narration...
🎭 ⚠️  No narration received

━━ TURN 19 ━━
📋 Continue the adventure.
🔄 Waiting for narration...
..............✅

────────────────────────────────────────────────────────────────────────────────
TURN 1

The torchlight gutters as you step across the threshold, the heavy oak door groaning shut behind you. The air smells of old stone and something older still — damp earth, cold iron, the faint sweetness of decay.

You stand at the mouth of a vaulted corridor. Carved pillars line the walls like sentinels, their faces worn smooth by centuries of forgotten hands. Somewhere ahead, water drips in a slow, patient rhythm. A distant orange glow pulses at the far end — firelight, or something pretending to be.

Your boots find purchase on the cracked flagstones. The dungeon breathes.

1️⃣ Move cautiously toward the distant glow, keeping to the shadows along the wall
2️⃣ Examine the carved pillars more closely — something about their worn faces draws your eye
3️⃣ Listen carefully at the corridor, trying to discern what lies beyond the darkness
────────────────────────────────────────────────────────────────────────────────


━━ TURN 2 ━━
📋 Listen carefully at the corridor, trying to discern what lies beyond the darkness
🔄 Waiting for narration...
🎭 ......⚠️  No narration received

━━ TURN 15 ━━
📋 Continue the adventure.
🔄 Waiting for narration...
.......✅

────────────────────────────────────────────────────────────────────────────────
TURN 2

The torchlight gutters as you step across the threshold, the ancient door groaning shut behind you like a dying man's last breath. Stone walls press close on either side, slick with moisture that catches the flame and throws trembling shadows across carved runes you cannot read. The air tastes of iron and old earth. Somewhere ahead, water drips in a steady rhythm — patient, inevitable. Your boots find purchase on the uneven floor. The passage splits before you: left, right, and straight ahead, each corridor breathing its own particular darkness.

You are here. The dungeon waits.

1️⃣ Take the left passage, following the faint smell of smoke that drifts from that direction
2️⃣ Take the right passage, drawn by the distant sound of trickling water
3️⃣ Press straight ahead into the deepest dark, where the runes are carved thickest on the walls
────────────────────────────────────────────────────────────────────────────────


━━ TURN 3 ━━
📋 Take the left passage, following the faint smell of smoke that drifts from that direction
🔄 Waiting for narration...
🎭 .⚠️  No narration received

━━ TURN 11 ━━
📋 Continue the adventure.
🔄 Waiting for narration...
..........⚠️  No narration received

━━ TURN 20 ━━
📋 Continue the adventure.
🔄 Waiting for narration...
......✅

────────────────────────────────────────────────────────────────────────────────
TURN 3

The torchlight gutters as you descend the last worn step into the chamber below. Dust motes hang suspended in the amber glow, disturbed by your passing. The air carries the mineral cold of deep stone — and something else beneath it. Old iron. Dried blood. The smell of a place that has seen violence and kept its secrets.

Before you stretches a vaulted hall, its ceiling lost in shadow. Three passages yawn from the far wall like open mouths. Carved above each arch, in script worn nearly smooth by centuries, are symbols you cannot quite read from here.

At the chamber's center: a stone pedestal, empty — but recently so. Whatever rested there left a clean circle in the dust.

1️⃣ Approach the pedestal and examine the clean circle — look for tracks, residue, or clues about what was taken
2️⃣ Move cautiously toward the three passages and attempt to decipher the carved symbols above each arch
3️⃣ Hold your position and listen — let the silence tell you whether something else shares this chamber
────────────────────────────────────────────────────────────────────────────────


━━ TURN 4 ━━
📋 Hold your position and listen — let the silence tell you whether something else shares this chamber
🔄 Waiting for narration...
🎭 ..........⚠️  No narration received

━━ TURN 16 ━━
📋 Continue the adventure.
🔄 Waiting for narration...
.✅

────────────────────────────────────────────────────────────────────────────────
TURN 4

The torchlight flickers against ancient stone walls as you stand at the threshold of a weathered wooden door. Behind you, the winding passage you've traveled stretches into darkness — ahead, the door groans softly on iron hinges, as if breathing. Carved into its face is a serpent devouring its own tail, worn smooth by countless hands. The air here smells of old smoke and something sweeter beneath it. Dried herbs, perhaps. Or old blood. Your heart steadies itself. Whatever lies beyond this door has waited a long time for someone to open it.

1️⃣ Push the door open boldly and step through, weapons ready
2️⃣ Press your ear against the wood and listen carefully for sounds within
3️⃣ Examine the carved serpent symbol more closely before proceeding
────────────────────────────────────────────────────────────────────────────────


━━ TURN 5 ━━
📋 Examine the carved serpent symbol more closely before proceeding
🔄 Waiting for narration...
🎭 .....⚠️  No narration received

━━ TURN 12 ━━
📋 Continue the adventure.
🔄 Waiting for narration...
...⚠️  No narration received

════════════════════════════════════════════════════════════════════════════════
✅ SESSION COMPLETE: 20 turns
📊 TOTAL: 53 turns across 4 sessions
════════════════════════════════════════════════════════════════════════════════

......✅

────────────────────────────────────────────────────────────────────────────────
TURN 5

The torchlight flickers against ancient stone as you stand at the crossroads of fate. The air smells of damp earth and something older — ash, maybe, or forgotten magic. Three passages stretch before you, each carved by hands long dead, each whispering its own particular promise of danger and reward.

Behind you, the surface world grows distant. Ahead, the dungeon breathes.

Your boots find solid ground. Your hand finds your weapon. Whatever brought you here — glory, gold, or something darker — it doesn't matter now. Only the next step matters.

The silence waits for you to break it.

1️⃣ Take the left passage, where a faint amber glow pulses rhythmically like a slow heartbeat
2️⃣ Take the right passage, where cold air flows steadily outward, carrying the distant sound of water
3️⃣ Examine the carved symbols above each archway before choosing your path
────────────────────────────────────────────────────────────────────────────────


━━ TURN 6 ━━
📋 Take the left passage, where a faint amber glow pulses rhythmically like a slow heartbeat
🔄 Waiting for narration...
🎭 ............✅

────────────────────────────────────────────────────────────────────────────────
TURN 6

The torchlight flickers against stone walls slicked with ancient moisture. You stand at the threshold of a vaulted chamber, your breath misting in the cold underground air. Before you, three passages yawn like open mouths — each one promising something different. The left reeks of sulfur and distant heat. The center carries the faint echo of dripping water and something metallic, like old blood. The right is utterly silent, and silence down here is never innocent.

Your hand rests on your weapon. Your instincts are sharp. The dungeon waits.

1️⃣ Take the left passage toward the heat and sulfur smell
2️⃣ Advance through the center passage toward the sound of dripping water
3️⃣ Investigate the unsettling silence of the right passage
────────────────────────────────────────────────────────────────────────────────


━━ TURN 7 ━━
📋 Advance through the center passage toward the sound of dripping water
🔄 Waiting for narration...
⚠️  No narration received

━━ TURN 17 ━━
📋 Continue the adventure.
🔄 Waiting for narration...
🎭 ..........⚠️  No narration received

━━ TURN 13 ━━
📋 Continue the adventure.
🔄 Waiting for narration...
..✅

────────────────────────────────────────────────────────────────────────────────
TURN 7

The torchlight flickers against ancient stone as you stand at the threshold of the dungeon's first chamber. The air smells of damp earth and something older — iron, perhaps, or forgotten magic. Carved runes line the doorway, worn smooth by centuries of hands that never returned. Ahead, the passage splits into three paths: one descending into cold darkness, one rising toward a faint amber glow, and one sealed behind a heavy iron door wrapped in rusted chains. Somewhere in the depths, water drips in a slow, patient rhythm — like something counting down.

1️⃣ Descend the left passage into the cold darkness below, hand trailing the wall
2️⃣ Climb toward the amber glow rising from the right passage
3️⃣ Examine the chained iron door more closely, looking for markings or weaknesses
────────────────────────────────────────────────────────────────────────────────


━━ TURN 8 ━━
📋 Climb toward the amber glow rising from the right passage
🔄 Waiting for narration...
🎭 .............✅

────────────────────────────────────────────────────────────────────────────────
TURN 8

The torchlight gutters as you descend the last worn stone step, your boots meeting the cold floor of the dungeon antechamber. The air smells of ancient dust and something older — damp earth, iron, the faint sweetness of decay. Ahead, three passages yawn open like hungry mouths. From the left comes a distant rhythmic sound, like something heavy dragging across stone. The center passage glows with a faint greenish light that pulses, almost breathing. The right is silent — perfectly, unnaturally silent. Your hand finds the hilt of your weapon on instinct.

1️⃣ Take the left passage — investigate the dragging sound
2️⃣ Move toward the center passage and its strange pulsing light
3️⃣ Choose the right passage, drawn to its suspicious silence
────────────────────────────────────────────────────────────────────────────────


━━ TURN 9 ━━
📋 Move toward the center passage and its strange pulsing light
🔄 Waiting for narration...
🎭 ....⚠️  No narration received

━━ TURN 18 ━━
📋 Continue the adventure.
🔄 Waiting for narration...
.......✅

────────────────────────────────────────────────────────────────────────────────
TURN 9

The torchlight flickers against ancient stone as your boots find purchase on the cold floor. The air smells of damp earth and something older — iron, perhaps, or forgotten magic. Shadows press at the edges of your vision like curious ghosts.

You stand at a crossroads deep beneath the earth. Behind you, the passage you descended. Before you, three paths diverge into darkness. From the left comes the faint sound of running water. From the right, a dry warmth breathes like a sleeping giant. The center passage is utterly, profoundly silent.

A carved sigil marks the junction stone — a serpent eating its own tail.

1️⃣ Take the left passage toward the sound of water
2️⃣ Take the right passage toward the warmth
3️⃣ Examine the carved sigil on the junction stone more closely
────────────────────────────────────────────────────────────────────────────────


━━ TURN 10 ━━
📋 Examine the carved sigil on the junction stone more closely
🔄 Waiting for narration...
⚠️  No narration received

━━ TURN 14 ━━
📋 Continue the adventure.
🔄 Waiting for narration...

╔════════════════════════════════════════════════════════════════╗
║                    CAMPAIGN COMPLETE                           ║
║              Total: 62 turns across 4 sessions                  ║
╚════════════════════════════════════════════════════════════════╝

