
╔════════════════════════════════════════════════════════════════╗
║              TAVERN TABLE - VERBOSE CAMPAIGN                    ║
║    Full Narration, Dice Rolls, and Combat Capture              ║
╚════════════════════════════════════════════════════════════════╝

🔐 Authenticating...

✅ Authenticated


════════════════════════════════════════════════════════════════════════════════
SESSION 1 - GAME e3070b4b...
════════════════════════════════════════════════════════════════════════════════

🎮 Starting game...


━━ TURN 1 ━━
⚔️  I look around carefully.
🔄 Waiting for narration...
🎭 ✅
⚠️  No narration received

━━ TURN 2 ━━
⚔️  I examine everything.
🔄 Waiting for narration...
🎭 ✅
⚠️  No narration received

━━ TURN 3 ━━
⚔️  I move forward.
🔄 Waiting for narration...
🎭 ✅
⚠️  No narration received

━━ TURN 4 ━━
⚔️  I attack.
🔄 Waiting for narration...
🎭 ✅
⚠️  No narration received

━━ TURN 5 ━━
⚔️  I cast a spell.
🔄 Waiting for narration...
🎭 
════════════════════════════════════════════════════════════════════════════════
SESSION 2 - GAME 086ef840...
════════════════════════════════════════════════════════════════════════════════

🎮 Starting game...


━━ TURN 1 ━━
⚔️  I look around carefully.
🔄 Waiting for narration...
🎭 ✅
⚠️  No narration received

━━ TURN 6 ━━
⚔️  I listen.
🔄 Waiting for narration...
⚠️  No narration received

━━ TURN 2 ━━
⚔️  I examine everything.
🔄 Waiting for narration...
🎭 ✅
⚠️  No narration received

━━ TURN 7 ━━
⚔️  I search.
🔄 Waiting for narration...
⚠️  No narration received

━━ TURN 3 ━━
⚔️  I move forward.
🔄 Waiting for narration...
🎭 ✅
⚠️  No narration received

━━ TURN 8 ━━
⚔️  I prepare.
🔄 Waiting for narration...
⚠️  No narration received

━━ TURN 4 ━━
⚔️  I attack.
🔄 Waiting for narration...
🎭 ✅
⚠️  No narration received

━━ TURN 9 ━━
⚔️  I investigate.
🔄 Waiting for narration...
⚠️  No narration received

━━ TURN 5 ━━
⚔️  I cast a spell.
🔄 Waiting for narration...
🎭 ⚠️  No narration received

━━ TURN 10 ━━
⚔️  I approach.
🔄 Waiting for narration...

════════════════════════════════════════════════════════════════════════════════
SESSION 3 - GAME 9962594e...
════════════════════════════════════════════════════════════════════════════════

🎮 Starting game...


━━ TURN 1 ━━
⚔️  I look around carefully.
🔄 Waiting for narration...
🎭 ✅
⚠️  No narration received

━━ TURN 6 ━━
⚔️  I listen.
🔄 Waiting for narration...
⚠️  No narration received

━━ TURN 11 ━━
⚔️  I draw my weapon.
🔄 Waiting for narration...
⚠️  No narration received

━━ TURN 2 ━━
⚔️  I examine everything.
🔄 Waiting for narration...
🎭 ✅
⚠️  No narration received

━━ TURN 7 ━━
⚔️  I search.
🔄 Waiting for narration...
⚠️  No narration received

━━ TURN 12 ━━
⚔️  I investigate further.
🔄 Waiting for narration...
⚠️  No narration received

━━ TURN 3 ━━
⚔️  I move forward.
🔄 Waiting for narration...
🎭 ✅
⚠️  No narration received

━━ TURN 8 ━━
⚔️  I prepare.
🔄 Waiting for narration...
⚠️  No narration received

━━ TURN 13 ━━
⚔️  I take the object.
🔄 Waiting for narration...
⚠️  No narration received

━━ TURN 4 ━━
⚔️  I attack.
🔄 Waiting for narration...
🎭 ✅
⚠️  No narration received

━━ TURN 9 ━━
⚔️  I investigate.
🔄 Waiting for narration...
⚠️  No narration received

━━ TURN 14 ━━
⚔️  I try to escape.
🔄 Waiting for narration...
⚠️  No narration received

━━ TURN 5 ━━
⚔️  I cast a spell.
🔄 Waiting for narration...
🎭 ⚠️  No narration received

━━ TURN 10 ━━
⚔️  I approach.
🔄 Waiting for narration...

════════════════════════════════════════════════════════════════════════════════
SESSION 4 - GAME 7d0e9989...
════════════════════════════════════════════════════════════════════════════════

🎮 Starting game...


━━ TURN 1 ━━
⚔️  I look around carefully.
🔄 Waiting for narration...
🎭 ⚠️  No narration received

━━ TURN 15 ━━
⚔️  I stand firm.
🔄 Waiting for narration...
✅
⚠️  No narration received

━━ TURN 6 ━━
⚔️  I listen.
🔄 Waiting for narration...
⚠️  No narration received

━━ TURN 11 ━━
⚔️  I draw my weapon.
🔄 Waiting for narration...
⚠️  No narration received

━━ TURN 2 ━━
⚔️  I examine everything.
🔄 Waiting for narration...
🎭 ..⚠️  No narration received

════════════════════════════════════════════════════════════════════════════════
✅ SESSION COMPLETE: 15 turns
📊 TOTAL: 34 turns across 4 sessions
════════════════════════════════════════════════════════════════════════════════

......✅

────────────────────────────────────────────────────────────────────────────────
TURN 2

The creature's form resolves in the torchlight — a twisted thing, half-starved and feral, with eyes that catch the flame like a predator's. It lunges from behind the collapsed pillar with a shriek that echoes off stone, its rusted shortsword screaming through the air. The blade finds flesh with a sickening *thunk*, drawing blood and a gasp of pain.

**🎲 Unknown Creature (Shortsword) — rolls 16. HIT! 4 piercing. Unknown Creature (18/22 HP)**

The creature hisses and circles, tasting blood in the air, ready to strike again.


🎲 DICE & COMBAT:
   • HIT
────────────────────────────────────────────────────────────────────────────────


━━ TURN 3 ━━
⚔️  I move forward.
🔄 Waiting for narration...
🎭 .......⚠️  No narration received

━━ TURN 7 ━━
⚔️  I search.
🔄 Waiting for narration...
.✅

────────────────────────────────────────────────────────────────────────────────
TURN 3

The creature's blade flashes upward in a vicious arc—pure luck and feral desperation aligning into something devastating. The sword catches you across the ribs, biting deep, and you stagger backward with a cry of agony. Blood soaks your side. Your vision swims for a moment.

**🎲 Unknown Creature (Shortsword) — rolls 22. CRITICAL HIT! 11 piercing. You (7/18 HP)**

The creature presses its advantage, hissing and raising its blade for a killing stroke. It smells like rot and desperation.


🎲 DICE & COMBAT:
   • CRITICAL
   • HIT
────────────────────────────────────────────────────────────────────────────────


━━ TURN 4 ━━
⚔️  I attack.
🔄 Waiting for narration...
🎭 .......✅

────────────────────────────────────────────────────────────────────────────────
TURN 4

The creature's own blade catches it across the shoulder—a wild parry gone wrong, desperation turned inward. It screams, a sound like metal tearing, and blood streams down its arm. It staggers, breathing hard, eyes rolling white with pain and hunger.

**🎲 Unknown Creature (Shortsword) — rolls 14. MISS! Blade whistles past your ear.**

The creature is dying on its feet, barely conscious. One more solid blow will end this.


🎲 DICE & COMBAT:
   • hit
   • MISS
────────────────────────────────────────────────────────────────────────────────


━━ TURN 5 ━━
⚔️  I cast a spell.
🔄 Waiting for narration...
🎭 ⚠️  No narration received

━━ TURN 12 ━━
⚔️  I investigate further.
🔄 Waiting for narration...
.........✅

────────────────────────────────────────────────────────────────────────────────
TURN 5

The creature's own blade finds purchase one final time—a desperate, blind swing that catches itself across the throat. Arterial spray paints the ancient stone. It staggers, clutches at the wound with trembling fingers, and collapses to its knees. For a moment it stares at you with something almost human in its eyes—confusion, relief, an ending—then falls silent.

**🎲 Unknown Creature (Shortsword) — rolls 12. HIT itself! 3 piercing. Unknown Creature (1/22 HP)**

The creature is dead.

Silence floods back into the chamber. Only your breathing. Only blood pooling on cracked stone. The iron-banded door ahead still glows with amber light, patient and waiting.


🎲 DICE & COMBAT:
   • HIT
────────────────────────────────────────────────────────────────────────────────


━━ TURN 6 ━━
⚔️  I listen.
🔄 Waiting for narration...
🎭 .....✅

────────────────────────────────────────────────────────────────────────────────
TURN 6

The creature's final convulsion sends its blade clattering uselessly across stone. Blood pools beneath it in the torchlight. It does not rise again.

The chamber holds its breath. Only your ragged breathing breaks the silence now. The iron-banded door ahead continues its patient glow, untouched, waiting. Somewhere beyond it, amber light flickers like a heartbeat.

────────────────────────────────────────────────────────────────────────────────


━━ TURN 7 ━━
⚔️  I search.
🔄 Waiting for narration...
🎭 .....✅

────────────────────────────────────────────────────────────────────────────────
TURN 7

The creature's final spasm sends its rusted blade skittering across stone—a last, meaningless gesture. Blood pools beneath cracked ribs. It does not move again.

Death settles over the ancient chamber like dust. Only your ragged breathing remains. The iron-banded door ahead glows steady amber, its light patient and unwavering. Beyond it, shadows dance.

────────────────────────────────────────────────────────────────────────────────


━━ TURN 8 ━━
⚔️  I prepare.
🔄 Waiting for narration...
⚠️  No narration received

━━ TURN 8 ━━
⚔️  I prepare.
🔄 Waiting for narration...
⚠️  No narration received

━━ TURN 13 ━━
⚔️  I take the object.
🔄 Waiting for narration...
⚠️  No narration received

━━ TURN 9 ━━
⚔️  I investigate.
🔄 Waiting for narration...
⚠️  No narration received

━━ TURN 9 ━━
⚔️  I investigate.
🔄 Waiting for narration...
⚠️  No narration received

━━ TURN 14 ━━
⚔️  I try to escape.
🔄 Waiting for narration...
⚠️  No narration received

━━ TURN 10 ━━
⚔️  I approach.
🔄 Waiting for narration...
⚠️  No narration received

━━ TURN 10 ━━
⚔️  I approach.
🔄 Waiting for narration...

╔════════════════════════════════════════════════════════════════╗
║                    CAMPAIGN COMPLETE                           ║
║              Total: 49 turns across 4 sessions                  ║
╚════════════════════════════════════════════════════════════════╝

