
╔════════════════════════════════════════════════════════════════╗
║              TAVERN TABLE - VERBOSE CAMPAIGN                    ║
║    Full Narration, Dice Rolls, and Combat Capture              ║
╚════════════════════════════════════════════════════════════════╝

🔐 Authenticating...

✅ Authenticated


════════════════════════════════════════════════════════════════════════════════
SESSION 1 - GAME 5d30b89b...
════════════════════════════════════════════════════════════════════════════════

🎮 Starting game...


━━ TURN 1 ━━
📋 Let's begin.
🔄 Waiting for narration...
🎭 .............✅

────────────────────────────────────────────────────────────────────────────────
TURN 1

The torchlight flickers against ancient stone as you descend the last worn step into the chamber below. The air is thick with the smell of old earth and something older — incense, perhaps, or the memory of it. Shadows pool in the corners like sleeping things. Before you stretches a vaulted hall, its ceiling lost in darkness, its floor etched with faded glyphs that glow faintly amber when your light passes over them. Three passages branch from the far wall. Somewhere deep in the leftmost tunnel, water drips in a slow, deliberate rhythm.

1️⃣ Approach the glowing glyphs on the floor and examine them closely
2️⃣ Move cautiously toward the three passages and listen at each one
3️⃣ Call out into the darkness — if something lives here, let it show itself
────────────────────────────────────────────────────────────────────────────────


━━ TURN 2 ━━
📋 Call out into the darkness — if something lives here, let it show itself
🔄 Waiting for narration...

════════════════════════════════════════════════════════════════════════════════
SESSION 2 - GAME 5d30b89b...
════════════════════════════════════════════════════════════════════════════════

🎮 Starting game...

🎭 ..
━━ TURN 1 ━━
📋 Let's begin.
🔄 Waiting for narration...
🎭 ⚠️  No narration received

━━ TURN 3 ━━
📋 Continue the adventure.
🔄 Waiting for narration...
⚠️  No narration received

━━ TURN 2 ━━
📋 Continue the adventure.
🔄 Waiting for narration...
🎭 🎭 ........................✅

────────────────────────────────────────────────────────────────────────────────
TURN 2

TheThe torchlight gutters as you step into the story — a world tavern smells of pine resin and old ale. Firelight gutters in that breathes and waits.

You stand at the edge of a the hearth, throwing long shadows across the rough-hewn tables crossroads village called **Ashfen**, where the muddy roads where weathered men speak in low voices. You've just arrived converge beneath a grey sky heavy with the promise of rain. The inn in the frontier town of Ashveil — a place that behind you smells of woodsmoke and salted pork. Ahead, a clo sits at the edge of civilization like a nail driven into rotting wood.aked figure lingers near the village well, glancing over one shoulder with

Across the room, a hooded figure sits alone, nursing a cup they haven't touched. Their eyes, what little you the nervous energy of someone carrying a secret too heavy to hold. A wanted notice flutters on a post can see of them, scan the room with the careful precision of someone who expects trouble.

The barkeep catches nearby, half-torn by wind. In the distance, the dark tree line of the ** your eye and jerks his chin toward an empty stool.

1️⃣ ApproachThornwood** looms.

What do you do?

1️⃣ Approach the ho the hooded figure and strike up a conversation
2️⃣ Take a seat at the bar and speak with the barkeep
3️oded figure at the well and attempt to strike up conversation
2️⃣ Read the wanted notice more⃣ Find a dark corner table and observe the room quietly
────────────────────────────────────────────────────────────────────────────────


━━ TURN 4 ━━
📋 Read the wanted notice more⃣ Find a dark corner table and observe the room quietly
🔄 Waiting for narration...
🎭 .............⚠️  No narration received

━━ TURN 3 ━━
📋 Continue the adventure.
🔄 Waiting for narration...
🎭 .⚠️  No narration received

━━ TURN 5 ━━
📋 Continue the adventure.
🔄 Waiting for narration...
🎭 .............✅

────────────────────────────────────────────────────────────────────────────────
TURN 5

The torchlight flickers as you step across the threshold, and the world behind you — the muddy road, the grey sky, the smell of woodsmoke — seems to recede like a half-remembered dream.

You stand at the entrance of something old. Stone walls breathe cold air. Moss traces the mortar between ancient blocks like dark veins. Somewhere ahead, water drips with the patient rhythm of centuries. The corridor stretches into darkness, and at its far end, a dim orange glow pulses faintly — too steady to be fire, too warm to be moonlight.

A hooded figure crouches at the edge of that glow, unaware of your presence.

1️⃣ Approach the hooded figure cautiously, keeping to the shadows along the wall
2️⃣ Call out to the hooded figure, announcing yourself openly
3️⃣ Hold your position and observe the figure in silence before acting
────────────────────────────────────────────────────────────────────────────────


━━ TURN 6 ━━
📋 Hold your position and observe the figure in silence before acting
🔄 Waiting for narration...
⚠️  No narration received

━━ TURN 4 ━━
📋 Continue the adventure.
🔄 Waiting for narration...
🎭 🎭 ....❌ Failed to create game
❌ Failed to create game
❌ Failed to create game

╔════════════════════════════════════════════════════════════════╗
║                    CAMPAIGN COMPLETE                           ║
║              Total: 10 turns across 2 sessions                  ║
╚════════════════════════════════════════════════════════════════╝

