
Running 1 test using 1 worker

[1A[2K[1/1] [chromium] › tests/e2e/campaign-verbose.spec.ts:9:5 › Campaign Verbose: Level 1-3 with Full Output
[1A[2K[chromium] › tests/e2e/campaign-verbose.spec.ts:9:5 › Campaign Verbose: Level 1-3 with Full Output

╔════════════════════════════════════════════════════════════════╗

[1A[2K║                   TAVERN TABLE - VERBOSE MODE                  ║

[1A[2K║         Full Narration, Dice Rolls, and Combat Details          ║

[1A[2K╚════════════════════════════════════════════════════════════════╝


[1A[2K
======================================================================

[1A[2KSESSION 1 - LEVEL 1

[1A[2K======================================================================


[1A[2K🔐 Logging in test user: test-bot-1@theystillsing.test

[1A[2K📝 Attempting to register test user...

[1A[2K⚠️  Register rate limited, will use stored session

[1A[2K✅ Auth cookie set

[1A[2K✅ Test user logged in successfully

[1A[2K✅ Game: 80794e9c...


[1A[2K🎮 PLAYING SESSION...


[1A[2K.

[1A[2K.

[1A[2K.

[1A[2K.

[1A[2K.

[1A[2K[5]

[1A[2K.

[1A[2K.

[1A[2K.

[1A[2K.

[1A[2K

✅ Session complete: 9 turns

[1A[2K📊 Total turns: 9 | Current level: 1/3


[1A[2K
======================================================================

[1A[2KSESSION 2 - LEVEL 1

[1A[2K======================================================================


[1A[2K🔐 Logging in test user: test-bot-2@theystillsing.test

[1A[2K📝 Attempting to register test user...

[1A[2K⚠️  Register rate limited, will use stored session

[1A[2K✅ Auth cookie set

[1A[2K✅ Test user logged in successfully

[1A[2K✅ Game: 8ea5c2e9...


[1A[2K🎮 PLAYING SESSION...


[1A[2K.

[1A[2K.

[1A[2K.

[1A[2K.

[1A[2K.

[1A[2K[5]

[1A[2K.

[1A[2K.

[1A[2K.

[1A[2K

✅ Session complete: 8 turns

[1A[2K📊 Total turns: 17 | Current level: 1/3


[1A[2K
======================================================================

[1A[2KSESSION 3 - LEVEL 1

[1A[2K======================================================================


[1A[2K🔐 Logging in test user: test-bot-3@theystillsing.test

[1A[2K📝 Attempting to register test user...

[1A[2K⚠️  Register rate limited, will use stored session

[1A[2K✅ Auth cookie set

[1A[2K✅ Test user logged in successfully

[1A[2K✅ Game: 4d0111d2...


[1A[2K🎮 PLAYING SESSION...


[1A[2K.

[1A[2K.

[1A[2K.

[1A[2K.

[1A[2K.

[1A[2K[5]

[1A[2K.

[1A[2K.

[1A[2K.

[1A[2K.

[1A[2K.

[1A[2K[10]

[1A[2K

✅ Session complete: 10 turns

[1A[2K📊 Total turns: 27 | Current level: 1/3


[1A[2K
======================================================================

[1A[2KSESSION 4 - LEVEL 1

[1A[2K======================================================================


[1A[2K🔐 Logging in test user: test-bot-1@theystillsing.test

[1A[2K📝 Attempting to register test user...

[1A[2K⚠️  Register rate limited, will use stored session

[1A[2K⚠️  Rate limited on first attempt, trying again after delay...

[1A[2K✅ Auth cookie set

[1A[2K✅ Test user logged in successfully

[1A[2K✅ Game: 7e04b721...


[1A[2K🎮 PLAYING SESSION...


[1A[2K.

[1A[2K.

[1A[2K.

[1A[2K.

[1A[2K.

[1A[2K[5]

[1A[2K.

[1A[2K.

[1A[2K.

[1A[2K

✅ Session complete: 8 turns

[1A[2K📊 Total turns: 35 | Current level: 2/3


[1A[2K
======================================================================

[1A[2KSESSION 5 - LEVEL 2

[1A[2K======================================================================


[1A[2K🔐 Logging in test user: test-bot-2@theystillsing.test

[1A[2K📝 Attempting to register test user...

[1A[2Kℹ️  Test user already exists

[1A[2K✅ Auth cookie set

[1A[2K✅ Test user logged in successfully

[1A[2K✅ Game: 04ddcc73...


[1A[2K🎮 PLAYING SESSION...


[1A[2K.

[1A[2K.

[1A[2K.

[1A[2K.

[1A[2K.

[1A[2K[5]

[1A[2K.

[1A[2K.

[1A[2K.

[1A[2K.

[1A[2K

✅ Session complete: 9 turns

[1A[2K📊 Total turns: 44 | Current level: 2/3


[1A[2K
======================================================================

[1A[2KSESSION 6 - LEVEL 2

[1A[2K======================================================================


[1A[2K🔐 Logging in test user: test-bot-3@theystillsing.test

[1A[2K📝 Attempting to register test user...

[1A[2Kℹ️  Test user already exists

[1A[2K✅ Auth cookie set

[1A[2K✅ Test user logged in successfully

[1A[2K✅ Game: 7afb8574...


[1A[2K🎮 PLAYING SESSION...


[1A[2K.

[1A[2K.

[1A[2K.

[1A[2K.

[1A[2K.

[1A[2K[5]

[1A[2K.

[1A[2K.

[1A[2K.

[1A[2K.

[1A[2K

✅ Session complete: 9 turns

[1A[2K📊 Total turns: 53 | Current level: 2/3


[1A[2K
======================================================================

[1A[2KSESSION 7 - LEVEL 2

[1A[2K======================================================================


[1A[2K🔐 Logging in test user: test-bot-1@theystillsing.test

[1A[2K📝 Attempting to register test user...

[1A[2Kℹ️  Test user already exists

[1A[2K✅ Auth cookie set

[1A[2K✅ Test user logged in successfully

[1A[2K✅ Game: de814b73...


[1A[2K🎮 PLAYING SESSION...


[1A[2K.

[1A[2K.

[1A[2K.

[1A[2K.

[1A[2K.

[1A[2K[5]

[1A[2K.

[1A[2K.

[1A[2K.

[1A[2K.

[1A[2K

✅ Session complete: 9 turns

[1A[2K📊 Total turns: 62 | Current level: 3/3


[1A[2K
══════════════════════════════════════════════════════════════════════

[1A[2K🎉 CAMPAIGN COMPLETE!

[1A[2K📈 Total Sessions: 7

[1A[2K📊 Total Turns: 62

[1A[2K🏅 Final Level: 3

[1A[2K══════════════════════════════════════════════════════════════════════


[1A[2K  Slow test file: [chromium] › tests/e2e/campaign-verbose.spec.ts (5.8m)
  Consider running tests from slow files in parallel. See: https://playwright.dev/docs/test-parallel
  1 passed (5.8m)
