
╔════════════════════════════════════════════════════════════════╗
║              TAVERN TABLE - VERBOSE CAMPAIGN                    ║
║    Full Narration, Dice Rolls, and Combat Capture              ║
╚════════════════════════════════════════════════════════════════╝

🔐 Authenticating...

✅ Authenticated


════════════════════════════════════════════════════════════════════════════════
SESSION 1 - GAME 839b2e3b...
════════════════════════════════════════════════════════════════════════════════

🎮 Starting game...


━━ TURN 1 ━━
📋 Let's begin.
🔄 Waiting for narration...

════════════════════════════════════════════════════════════════════════════════
SESSION 2 - GAME 839b2e3b...
════════════════════════════════════════════════════════════════════════════════

🎮 Starting game...

🎭 ..
━━ TURN 1 ━━
📋 Let's begin.
🔄 Waiting for narration...
⚠️  No narration received

━━ TURN 2 ━━
📋 Continue the adventure.
🔄 Waiting for narration...
🎭 🎭 ........................✅

────────────────────────────────────────────────────────────────────────────────
TURN 2

TheThe tavern smells of pine resin and old ale. torchlight flickers against ancient stone as you stand at the threshold A hearthfire throws amber light across rough- of something forgotten by time. The air carries the scent of cold earth and distant smokehewn tables where merchants, trappers, and off-duty guards share — the particular silence of a place that has been *waiting their evening in comfortable noise. Rain taps at the shut*.

Shadows pool in the corners of a vaulted chamber ahead. Carvedtered windows like patient fingers.

You stand at the threshold — road-worn, purpos pillars line the walls, their faces worn smooth by centuries of darkness. At the fareful — and the room takes brief notice before returning to its business end, a heavy iron door stands slightly ajar, breathing cold air like a sleeping giant. The barkeep, a broad woman with silver-streaked hair and a no-nonsense jaw, wipes down the. To your left, a narrow passage winds downward. To your right, a cr bar with the efficiency of someone who has seen everything twice.

In the corner, a houmbled alcove holds the remnants of an old campfire — someoneoded figure sits alone, nursing something dark in a clay cup. They haven was here, not long ago.

1️⃣ Approach the iron door carefully,'t looked up. But they know you're there.

1️⃣ Approach the bar listening for sounds beyond it
2️⃣ Investigate the narrow passage leadingkeep and ask what work is available in town
2️⃣ Cross the room and con downward
3️⃣ Examine the old campfire in the alcove for clues about who was here
────────────────────────────────────────────────────────────────────────────────


━━ TURN 3 ━━
📋 Examine the old campfire in the alcove for clues about who was here
🔄 Waiting for narration...
🎭 .........⚠️  No narration received

━━ TURN 2 ━━
📋 Continue the adventure.
🔄 Waiting for narration...
🎭 .............✅

────────────────────────────────────────────────────────────────────────────────
TURN 2

The torchlight gutters as you step across the threshold, your boots finding cold stone where warm earth once lay. The dungeon exhales — a long, damp breath carrying the smell of iron and old wood. Somewhere ahead, water drips in slow, patient rhythm against silence. The passage stretches before you, walls slick with moisture, carved from dark granite that swallows light like a hunger. Crude iron sconces hang empty. Whatever lived here last didn't bother with fire. Your hand finds the familiar weight at your hip. Something is waiting. You can feel it in the stillness.

1️⃣ Move cautiously forward, hugging the left wall and listening for movement
2️⃣ Call out into the darkness — announce your presence and demand a response
3️⃣ Examine the empty sconces and walls for markings, clues, or recent signs of passage
────────────────────────────────────────────────────────────────────────────────


━━ TURN 4 ━━
📋 Move cautiously forward, hugging the left wall and listening for movement
🔄 Waiting for narration...
🎭 ..............✅

────────────────────────────────────────────────────────────────────────────────
TURN 4

The torchlight gutters as you step across the threshold, your boots finding purchase on ancient stone worn smooth by a thousand years of footfall. The dungeon breathes around you — cold air carrying the mineral scent of deep earth, the distant drip of water somewhere below, and something else. Something older. The shadows press close at the edge of your light, and the silence has a texture to it, heavy and expectant, like a held breath.

Before you, a carved passage splits into three directions. Runes mark the lintel above each — faded, but not forgotten.

1️⃣ Take the left passage, where a faint warm glow pulses rhythmically like a slow heartbeat
2️⃣ Take the right passage, where the air carries the metallic bite of old iron and something sharper beneath it
3️⃣ Examine the runes above each doorway before committing to a path
────────────────────────────────────────────────────────────────────────────────


━━ TURN 3 ━━
📋 Take the left passage, where a faint warm glow pulses rhythmically like a slow heartbeat
🔄 Waiting for narration...
🎭 ...............✅

────────────────────────────────────────────────────────────────────────────────
TURN 3

The torchlight gutters as you step across the threshold, your boots finding cold stone after miles of muddy road. The village of Ashenmere squats behind you like a held breath — shuttered windows, no children in the streets, smoke rising thin and nervous from chimneys. Someone nailed a crow to the tavern door. Three days dead, by the smell.

Inside, the common room is half-full of people who look like they've forgotten how to sleep. A barkeep with a scar bisecting his lip polishes the same cup he's probably been polishing for hours. A hooded figure in the corner nurses something dark. A farmer grips his ale with white knuckles.

Something is very wrong here.

1️⃣ Approach the barkeep and ask directly what's happening in Ashenmere
2️⃣ Slide into the seat across from the hooded figure in the corner
3️⃣ Buy a round for the room and wait for someone to start talking

⚔️  COMBAT:
   • hit
────────────────────────────────────────────────────────────────────────────────


━━ TURN 5 ━━
📋 Slide into the seat across from the hooded figure in the corner
🔄 Waiting for narration...
🎭 ................✅

────────────────────────────────────────────────────────────────────────────────
TURN 5

The torchlight flickers against ancient stone walls, casting long shadows that writhe like living things. You stand at the threshold of a weathered tavern door — the sign above reading *The Copper Antler* — its warm amber glow bleeding into the cold night air of Thornhaven. The smell of woodsmoke and roasted meat curls toward you like a welcome hand.

Inside, rough-hewn tables crowd a common room alive with murmured conversation. A dwarf merchant argues prices with a hooded figure in the corner. The barkeep — a broad woman with iron-grey braids — catches your eye and gives a slow, measuring nod.

Something is happening in this town. You can feel it in the way the locals sit with their backs to the walls.

1️⃣ Approach the barkeep and ask what's got the town so tense
2️⃣ Find a quiet corner table and observe the room before making any moves
3️⃣ Head toward the dwarf merchant and the hooded figure to eavesdrop on their argument
────────────────────────────────────────────────────────────────────────────────


━━ TURN 6 ━━
📋 Approach the barkeep and ask what's got the town so tense
🔄 Waiting for narration...
⚠️  No narration received

━━ TURN 4 ━━
📋 Continue the adventure.
🔄 Waiting for narration...
🎭 🎭 ....................✅

────────────────────────────────────────────────────────────────────────────────
TURN 4

The torchlight flickers as your boots find purchase on the cold stone floor. The air smells of old dust and something deeper — earth and iron, the scent of a place long undisturbed. You stand at the threshold of a vaulted antechamber, itsThe arched ceiling lost in shadow above you. Three passages branch ahead like tavern smells of tallow candles and old ale. Rain the fingers of an open hand. Crude symbols have hammers the shuttered windows, and the common room hums with the low been scratched into the stone beside each — warnings, perhaps, or invitations. Somewhere distant, water drips in a slow, patient rhythm.

You are murmur of travelers seeking shelter from the storm. A fire crackles in the great hearth at the room's center, casting long amber shadows across the worn oak tables.

You stand at the threshold here. The dungeon waits.

1️⃣ Examine, road-dust still on your boots, the door sw the symbols carved beside each passage more closely
2️⃣ Listen carefully atinging shut behind you. The barkeep — a broad woman with silver-streaked hair and a calculating eye each corridor for sounds beyond
3️⃣ Step boldly into — watches you from behind the counter. In the corner, a hooded figure sits alone, studying the central passage without hesitation
────────────────────────────────────────────────────────────────────────────────


━━ TURN 7 ━━
📋 Listen carefully atinging shut behind you. The barkeep — a broad woman with silver-streaked hair and a calculating eye each corridor for sounds beyond
🔄 Waiting for narration...
❌ Failed to create game
❌ Failed to create game
⚠️  No narration received

━━ TURN 5 ━━
📋 Continue the adventure.
🔄 Waiting for narration...
❌ Failed to create game

╔════════════════════════════════════════════════════════════════╗
║                    CAMPAIGN COMPLETE                           ║
║              Total: 12 turns across 2 sessions                  ║
╚════════════════════════════════════════════════════════════════╝

