
╔════════════════════════════════════════════════════════════════╗
║              TAVERN TABLE - VERBOSE CAMPAIGN                    ║
║    Full Narration, Dice Rolls, and Combat Capture              ║
╚════════════════════════════════════════════════════════════════╝

🔐 Authenticating...

✅ Authenticated


════════════════════════════════════════════════════════════════════════════════
SESSION 1 - GAME a29ed9ff...
════════════════════════════════════════════════════════════════════════════════

🎮 Starting game...


━━ TURN 1 ━━
📋 Let's begin.
🔄 Waiting for narration...
🎭 ........⚠️  No narration received

━━ TURN 2 ━━
📋 Continue the adventure.
🔄 Waiting for narration...
🎭 ...............✅

────────────────────────────────────────────────────────────────────────────────
TURN 2

The torch gutters in a draft that shouldn't exist.

You stand at the threshold of the Hollow Crown dungeon — its entrance carved from black basalt, the stone worn smooth by centuries of hands that never returned. The air smells of damp earth and something older, metallic. Iron, maybe. Or old blood. Roots press through the ceiling like grasping fingers, and somewhere deeper in the dark, water drips in a slow, patient rhythm.

Your boots crunch against scattered gravel. Behind you, the forest has gone silent. Even the wind holds its breath.

The dungeon waits.

1️⃣ Step inside cautiously, torch raised, scanning the entrance chamber for traps or signs of recent activity
2️⃣ Call out into the darkness — let whatever lurks within know you have arrived and fear nothing
3️⃣ Examine the carvings around the dungeon entrance before entering, searching for clues about what lies ahead
────────────────────────────────────────────────────────────────────────────────


━━ TURN 3 ━━
📋 Call out into the darkness — let whatever lurks within know you have arrived and fear nothing
🔄 Waiting for narration...
🎭 .............✅

────────────────────────────────────────────────────────────────────────────────
TURN 3

The torchlight gutters as you step across the threshold, boots scraping against ancient stone. The dungeon breathes around you — a cold exhalation of damp earth and forgotten centuries. Somewhere ahead, water drips in a slow, irregular rhythm, like a hesitant heartbeat. The passage splits before you: one corridor descends into absolute darkness, the other glows faintly with a sickly amber light that pulses as though alive. Behind you, the entrance has already sealed itself shut with a grinding finality. There is no going back. Only forward, into whatever waits.

1️⃣ Take the descending corridor into the darkness, trusting your instincts over your eyes
2️⃣ Follow the amber-lit passage toward its pulsing, uncertain glow
3️⃣ Examine the sealed entrance for hidden mechanisms or runes that might reveal more about this place
────────────────────────────────────────────────────────────────────────────────


━━ TURN 4 ━━
📋 Take the descending corridor into the darkness, trusting your instincts over your eyes
🔄 Waiting for narration...
🎭 ...............✅

────────────────────────────────────────────────────────────────────────────────
TURN 4

The torchlight gutters as you step across the threshold, your boots finding cold stone beneath a carpet of ancient dust. The chamber ahead breathes with the particular stillness of a place long forgotten — walls of dressed granite sweating with moisture, iron sconces holding the blackened ghosts of torches burned out centuries ago. Somewhere deeper in the dark, water drips in a slow, patient rhythm. The air smells of copper and old earth. You are here. Whatever brought you — duty, greed, or something harder to name — the dungeon does not care. It simply *waits.*

1️⃣ Strike flint to steel and light your own torch, pushing deeper into the passage ahead
2️⃣ Pause at the entrance and listen carefully to the darkness before committing further
3️⃣ Examine the walls and floor near the entrance for markings, tracks, or signs of recent passage
────────────────────────────────────────────────────────────────────────────────


━━ TURN 5 ━━
📋 Pause at the entrance and listen carefully to the darkness before committing further
🔄 Waiting for narration...
🎭 ..............✅

────────────────────────────────────────────────────────────────────────────────
TURN 5

The torchlight flickers against wet stone as you stand at the threshold of something old. The air carries the smell of iron and turned earth — the particular perfume of places that have not known sunlight in a very long time.

Before you stretches a vaulted corridor carved from dark granite, its walls etched with repeating serpentine symbols that seem to writhe at the edge of your vision. Three paths diverge ahead: a heavy oak door banded in rusted iron to your left, a collapsed archway barely wide enough to squeeze through to your right, and straight ahead — darkness, and the distant sound of dripping water.

Your hand rests on your weapon. Something down here is *waiting.*

1️⃣ Approach the heavy oak door on the left and listen carefully for any sound beyond it
2️⃣ Examine the serpentine symbols carved into the corridor walls more closely
3️⃣ Move cautiously straight ahead toward the sound of dripping water
────────────────────────────────────────────────────────────────────────────────


━━ TURN 6 ━━
📋 Move cautiously straight ahead toward the sound of dripping water
🔄 Waiting for narration...
🎭 ...............✅

────────────────────────────────────────────────────────────────────────────────
TURN 6

The torchlight gutters and holds.

You stand at the threshold of something old — a stone archway veined with moss, its keystone carved with a symbol you almost recognize. The air beyond smells of cold earth and iron. Behind you, the forest road stretches into evening shadow, the last orange light of the sun bleeding out between the trees. Somewhere distant, a raven calls once and falls silent.

This is where the story begins. The world is waiting to learn what kind of person walks through that door.

Who are you, and what brings you to this place?

1️⃣ Step through the archway boldly — you've been hired to clear whatever lurks inside, and coin doesn't spend itself.
2️⃣ Pause at the threshold and study the carved symbol more carefully before committing to anything.
3️⃣ Turn back toward the road — there's a village nearby, and you'd rather gather information before entering blind.
────────────────────────────────────────────────────────────────────────────────


━━ TURN 7 ━━
📋 Turn back toward the road — there's a village nearby, and you'd rather gather information before entering blind.
🔄 Waiting for narration...
🎭 ...............✅

────────────────────────────────────────────────────────────────────────────────
TURN 7

The torchlight gutters as you step across the threshold, your boots finding cold stone where there was once packed earth. The dungeon breathes — a slow, damp exhale that carries the smell of iron and old rot. Somewhere deep in the dark ahead, water drips in irregular rhythm, like a heartbeat with a stutter. The passage stretches before you, wide enough for two abreast, the walls carved with the deliberate patience of someone who had time and purpose. Faded glyphs mark the stones at eye level. They might be warnings. They might be prayers. No way to know yet which.

1️⃣ Study the carved glyphs closely, trying to decipher their meaning before moving deeper
2️⃣ Press forward down the passage, hand on your weapon, trusting your instincts over caution
3️⃣ Pause and listen carefully to the darkness, letting your other senses map what your eyes cannot
────────────────────────────────────────────────────────────────────────────────


━━ TURN 8 ━━
📋 Press forward down the passage, hand on your weapon, trusting your instincts over caution
🔄 Waiting for narration...
🎭 .............✅

────────────────────────────────────────────────────────────────────────────────
TURN 8

The tavern smells of pine resin and old ale. A fire crackles in the stone hearth, throwing amber light across rough-hewn tables where weathered men nurse their drinks in silence. Rain hammers the shuttered windows — a storm that rolled in from the northern peaks without warning, trapping travelers and locals alike beneath this sagging roof.

You sit at the bar. The keep, a broad woman with silver-streaked hair, sets a tankard before you without being asked. She's seen your kind before — the road-worn look, the weight behind the eyes.

"Nasty night," she says simply.

1️⃣ Ask the barkeep about rumors or trouble in the region
2️⃣ Scan the room carefully, taking stock of the other patrons
3️⃣ Head to a corner table alone, keeping your back to the wall
────────────────────────────────────────────────────────────────────────────────


━━ TURN 9 ━━
📋 Ask the barkeep about rumors or trouble in the region
🔄 Waiting for narration...

════════════════════════════════════════════════════════════════════════════════
SESSION 2 - GAME 75fd0c27...
════════════════════════════════════════════════════════════════════════════════

🎮 Starting game...


━━ TURN 1 ━━
📋 Let's begin.
🔄 Waiting for narration...
⚠️  No narration received

━━ TURN 10 ━━
📋 Continue the adventure.
🔄 Waiting for narration...
🎭 .................✅

────────────────────────────────────────────────────────────────────────────────
TURN 1

The tavern smells of tallow candles and old wood, smoke curling lazy from a stone hearth that's kept this room warm through a dozen winters. A bard in the corner picks at a lute with two broken strings — the melody limps, but nobody seems to mind. Patrons hunch over their cups, mud still caked on their boots from the road.

You stand just inside the doorway, the night air still cool on your back. The barkeep — a broad woman with a scar along her jaw — glances up from wiping the counter. Her eyes are the kind that have seen trouble before and learned to recognize it early.

A notice board near the door catches your eye. Three papers pinned to weathered wood, each one a different hand, a different need.

1️⃣ Approach the barkeep and introduce yourself — ask what work might be had in town
2️⃣ Cross to the notice board and read what's posted there
3️⃣ Find a seat near the hearth, order a drink, and listen to what the locals are talking about
────────────────────────────────────────────────────────────────────────────────


━━ TURN 2 ━━
📋 Find a seat near the hearth, order a drink, and listen to what the locals are talking about
🔄 Waiting for narration...
🎭 ............✅

────────────────────────────────────────────────────────────────────────────────
TURN 2

The torchlight flickers as you step into the campaign. The world breathes around you — distant thunder rolling across stone hills, the smell of rain-wet earth and woodsmoke drifting through a cracked shutter.

You stand at the threshold of the Broken Antler Inn, a waystation at the crossroads of three kingdoms. Inside, the murmur of travelers and the clink of tankards promises warmth. Behind you, the road stretches into gathering dark.

A cloaked figure at the corner table catches your eye — watching the door with the practiced stillness of someone waiting for exactly you.

1️⃣ Enter the inn and approach the cloaked figure directly
2️⃣ Take a seat at the bar, order a drink, and observe from a distance
3️⃣ Step back outside to circle the building and check for ambushes
────────────────────────────────────────────────────────────────────────────────


━━ TURN 3 ━━
📋 Enter the inn and approach the cloaked figure directly
🔄 Waiting for narration...
⚠️  No narration received

━━ TURN 11 ━━
📋 Continue the adventure.
🔄 Waiting for narration...
🎭 ..............✅

────────────────────────────────────────────────────────────────────────────────
TURN 3

The torchlight gutters in the passage ahead, throwing long shadows against wet stone walls. The air smells of iron and old earth — the particular darkness of a place that hasn't known sunlight in decades. You stand at the threshold of something ancient, your boots on the last dry flagstone before the corridor descends into flickering uncertainty.

Behind you, the world you know. Ahead, whatever called you here.

A distant sound drifts up from the deep — not quite a groan, not quite a whisper. The kind of sound that could be wind. Could be something else entirely.

Your hand finds the familiar weight at your side.

1️⃣ Advance cautiously into the torchlit corridor, hand on your weapon, senses sharp
2️⃣ Pause and listen carefully — try to identify the source of that distant sound
3️⃣ Call out into the darkness, making your presence known
────────────────────────────────────────────────────────────────────────────────


━━ TURN 4 ━━
📋 Advance cautiously into the torchlit corridor, hand on your weapon, senses sharp
🔄 Waiting for narration...
🎭 ............✅

────────────────────────────────────────────────────────────────────────────────
TURN 4

The torchlight gutters as you step into the dungeon's threshold. Stone archways rise above you, carved with the faces of forgotten gods — their mouths open, their eyes hollow. The air smells of wet earth and old iron. Somewhere ahead, water drips in a slow, deliberate rhythm, like a heartbeat that isn't yours. The passage splits before you: one tunnel slopes downward into darkness, the other opens into a chamber where amber light flickers against the walls. You grip your weapon. Whatever brought you here still waits.

1️⃣ Descend the sloping tunnel into the deeper darkness below
2️⃣ Move cautiously toward the amber-lit chamber ahead
3️⃣ Examine the carved faces on the archway more closely
────────────────────────────────────────────────────────────────────────────────


━━ TURN 5 ━━
📋 Move cautiously toward the amber-lit chamber ahead
🔄 Waiting for narration...
🎭 ⚠️  No narration received

━━ TURN 12 ━━
📋 Continue the adventure.
🔄 Waiting for narration...
.............✅

────────────────────────────────────────────────────────────────────────────────
TURN 5

The torchlight flickers against ancient stone as you descend the last worn steps into the chamber below. Dust motes drift through the amber glow like slow-falling snow. The air carries the smell of old iron and damp earth — the particular scent of a place long forgotten by the living.

Before you stretches a vaulted hall, its ceiling lost in shadow. Three passages branch from the far wall, each marked by a different carving: a serpent, a sword, and an open hand. At the chamber's center stands a stone plinth, and upon it rests something that catches the torchlight — a folded parchment sealed in dark wax.

The silence here is complete. Expectant.

1️⃣ Approach the plinth and examine the sealed parchment
2️⃣ Study the three carved passages before touching anything
3️⃣ Call out into the darkness, announcing your presence
────────────────────────────────────────────────────────────────────────────────


━━ TURN 6 ━━
📋 Study the three carved passages before touching anything
🔄 Waiting for narration...
🎭 ................✅

────────────────────────────────────────────────────────────────────────────────
TURN 6

The torchlight flickers as your eyes adjust to the dungeon's cold breath. Stone walls weep moisture, and somewhere deep in the dark, water drips in slow, patient rhythm — like a heartbeat counting down. The air tastes of iron and old earth. Behind you, the entrance has sealed itself, a grinding of ancient mechanisms that left no seam, no handle, nothing but smooth stone. Before you, a long corridor stretches into shadow, its floor carved with faded glyphs that pulse faintly blue when your gaze lingers too long.

You are here. Whatever brought you — fate, folly, or hunger for glory — it doesn't matter now.

1️⃣ Crouch down and examine the glowing glyphs on the floor more closely, tracing their patterns with careful eyes
2️⃣ Draw your weapon and move forward down the corridor, staying alert and close to the wall
3️⃣ Call out into the darkness — a name, a challenge, or simply your voice — to test what echoes back
────────────────────────────────────────────────────────────────────────────────


━━ TURN 7 ━━
📋 Draw your weapon and move forward down the corridor, staying alert and close to the wall
🔄 Waiting for narration...
🎭 ......⚠️  No narration received

━━ TURN 13 ━━
📋 Continue the adventure.
🔄 Waiting for narration...
.......✅

────────────────────────────────────────────────────────────────────────────────
TURN 7

The torchlight gutters as you step across the threshold, your boots finding cold stone beneath a carpet of ancient dust. The chamber before you breathes with forgotten purpose — crumbling pillars line the walls like the ribs of some buried giant, and somewhere deeper in the dark, water drips in slow, patient rhythm. The air carries iron and old smoke, the ghost-scent of battles long concluded.

A corridor stretches ahead. To your left, a heavy oak door sits slightly ajar, warm amber light bleeding through the crack. To your right, a collapsed archway reveals a narrow passage barely wide enough for a single person.

Your hand finds the hilt of your weapon instinctively.

1️⃣ Push open the oak door and investigate the source of the amber light
2️⃣ Squeeze through the narrow passage in the collapsed archway
3️⃣ Move cautiously down the main corridor ahead, listening for movement
────────────────────────────────────────────────────────────────────────────────


━━ TURN 8 ━━
📋 Push open the oak door and investigate the source of the amber light
🔄 Waiting for narration...
🎭 ..............✅

────────────────────────────────────────────────────────────────────────────────
TURN 8

The torchlight gutters as you step across the threshold, your boot finding cold stone where there was once a welcome mat. The tavern's common room stretches before you — low-beamed ceiling black with decades of pipe smoke, a hearth that hasn't known fire in too long, and the particular silence of a place abandoned mid-breath. A half-eaten meal sits on one table, fork still resting at an angle. Chairs pushed back in haste. Whatever drove these people out, it came fast.

The door groans shut behind you. Somewhere deeper in the building, something shifts.

1️⃣ Move toward the cold hearth and examine the abandoned meal for clues about when people left
2️⃣ Draw your weapon and call out into the darkness, announcing your presence
3️⃣ Slip quietly toward the bar and search for anything useful — maps, coin, weapons
────────────────────────────────────────────────────────────────────────────────


━━ TURN 9 ━━
📋 Draw your weapon and call out into the darkness, announcing your presence
🔄 Waiting for narration...
🎭 ........⚠️  No narration received

━━ TURN 14 ━━
📋 Continue the adventure.
🔄 Waiting for narration...

════════════════════════════════════════════════════════════════════════════════
SESSION 3 - GAME ca3b7846...
════════════════════════════════════════════════════════════════════════════════

🎮 Starting game...


━━ TURN 1 ━━
📋 Let's begin.
🔄 Waiting for narration...
⚠️  No narration received

━━ TURN 10 ━━
📋 Continue the adventure.
🔄 Waiting for narration...
⚠️  No narration received

━━ TURN 15 ━━
📋 Continue the adventure.
🔄 Waiting for narration...
🎭 .......⚠️  No narration received

━━ TURN 2 ━━
📋 Continue the adventure.
🔄 Waiting for narration...
⚠️  No narration received

━━ TURN 11 ━━
📋 Continue the adventure.
🔄 Waiting for narration...
🎭 ............⚠️  No narration received

━━ TURN 16 ━━
📋 Continue the adventure.
🔄 Waiting for narration...
..✅

────────────────────────────────────────────────────────────────────────────────
TURN 2

The torch gutters in the salt-laden wind as you stand at the threshold of the **Sunken Gate** — a archway of black stone half-swallowed by coastal earth, its carved reliefs depicting serpents devouring their own tails. The sea crashes somewhere below the cliffs, rhythmic and indifferent. Behind you, the fishing village of Keld's Reach has gone quiet at dusk, its people shuttering windows against something they won't name aloud. Before you, the gate breathes cold air upward from the dark like a sleeping giant exhaling.

Your hand rests on whatever weapon or tool defines you.

This is where the story begins.

1️⃣ Step through the gate and descend into the darkness below, torch raised
2️⃣ Examine the carved serpent reliefs on the archway more closely before entering
3️⃣ Turn back toward Keld's Reach to question the villagers about what lies within
────────────────────────────────────────────────────────────────────────────────


━━ TURN 3 ━━
📋 Step through the gate and descend into the darkness below, torch raised
🔄 Waiting for narration...
🎭 ..............✅

────────────────────────────────────────────────────────────────────────────────
TURN 3

The tavern smells of pine resin and old ale. Firelight catches the smoke-darkened rafters above, and somewhere near the hearth a bard picks lazily at a lute, filling the room with something melancholy and half-forgotten.

You arrived in Thornhaven at dusk — a crossroads town perched where three kingdoms meet. The locals drink quietly. A noticeboard near the door bristles with notices: missing livestock, a merchant seeking escort, and one sheet of parchment, newer than the rest, written in a hurried hand.

The night is young. The world is wide. And something is already watching from the shadows.

1️⃣ Approach the noticeboard and read the fresh parchment more closely
2️⃣ Settle at the bar and buy a drink — listen to what the locals are talking about
3️⃣ Find a corner table and observe the room before making any move

⚔️  COMBAT:
   • miss
────────────────────────────────────────────────────────────────────────────────


━━ TURN 4 ━━
📋 Settle at the bar and buy a drink — listen to what the locals are talking about
🔄 Waiting for narration...
⚠️  No narration received

━━ TURN 12 ━━
📋 Continue the adventure.
🔄 Waiting for narration...
🎭 .............✅

────────────────────────────────────────────────────────────────────────────────
TURN 4

The tavern smells of pine resin and old ale. A fire crackles in the hearth, casting amber light across weathered faces — merchants, laborers, a hooded figure nursing something dark in a corner cup. The barkeep, a broad woman with silver-streaked hair, wipes down the counter with practiced efficiency. Outside, wind pushes against the shutters like something that wants in.

You stand at the threshold, road dust still on your boots, the weight of whatever brought you here sitting heavy between your shoulders.

The night is young. The world waits.

1️⃣ Approach the barkeep and ask about work or rumors worth hearing
2️⃣ Find a seat near the fire and observe the room before making any moves
3️⃣ Cross the room toward the hooded figure in the corner — something about them pulls your attention
────────────────────────────────────────────────────────────────────────────────


━━ TURN 5 ━━
📋 Cross the room toward the hooded figure in the corner — something about them pulls your attention
🔄 Waiting for narration...
⚠️  No narration received

━━ TURN 17 ━━
📋 Continue the adventure.
🔄 Waiting for narration...
🎭 .............✅

────────────────────────────────────────────────────────────────────────────────
TURN 5

The torchlight flickers against stone walls slick with ancient moisture. You stand at the threshold of a chamber that smells of iron and old earth — the kind of place where legends are made or men are buried. Your boots find solid ground as your eyes adjust to the dim glow, revealing a vaulted hall carved by hands long forgotten. Dust motes drift like slow snow through the amber light. Somewhere deeper in the dark, water drips in a steady, patient rhythm. The adventure begins here, in this hollow breath between safety and the unknown.

1️⃣ Move cautiously into the chamber, scanning for traps or hidden threats along the walls
2️⃣ Call out into the darkness, listening for any echo or response that might reveal the space's true size
3️⃣ Study the carved stonework on the walls for symbols, markings, or clues about this place's origin
────────────────────────────────────────────────────────────────────────────────


━━ TURN 6 ━━
📋 Move cautiously into the chamber, scanning for traps or hidden threats along the walls
🔄 Waiting for narration...
🎭 ....⚠️  No narration received

━━ TURN 13 ━━
📋 Continue the adventure.
🔄 Waiting for narration...
..........✅

────────────────────────────────────────────────────────────────────────────────
TURN 6

The torchlight gutters as you descend the last worn steps into the chamber below. Stone breathes cold air against your skin — the deep, mineral smell of earth undisturbed for centuries. Your boots find solid ground, and the darkness retreats just enough to reveal the shape of the room: low vaulted ceiling, walls carved with faded sigils, and three passages yawning open before you like the mouths of sleeping giants. Somewhere in the silence, water drips. A slow, patient sound. Something glints faintly in the torchlight near the central passage — metal, or perhaps glass.

1️⃣ Move carefully toward the glinting object near the central passage to investigate it more closely
2️⃣ Study the carved sigils on the walls — trace their patterns and try to read their meaning
3️⃣ Listen at each of the three passages, trying to detect any sound or movement beyond
────────────────────────────────────────────────────────────────────────────────


━━ TURN 7 ━━
📋 Study the carved sigils on the walls — trace their patterns and try to read their meaning
🔄 Waiting for narration...
🎭 ⚠️  No narration received

━━ TURN 18 ━━
📋 Continue the adventure.
🔄 Waiting for narration...
...............✅

────────────────────────────────────────────────────────────────────────────────
TURN 7

The tavern smells of pine resin and old ale. A fire gutters in the hearth, throwing amber light across weathered faces — merchants, farmers, one hooded figure nursing something dark in a clay cup. The barkeep, a broad woman with silver-streaked braids, eyes you with the practiced neutrality of someone who has seen everything and forgotten most of it.

Outside, wind pushes against the shutters. You arrived here for a reason — the rumors alone were enough. Something stirs in the valley below Thornwatch Keep, and the village of Edenmoor is frightened in the particular, quiet way that means people have already started disappearing.

1️⃣ Approach the barkeep and ask directly about the disappearances in Edenmoor
2️⃣ Slide into the booth nearest the hooded figure and listen to what they mutter under their breath
3️⃣ Pin the notice board beside the door — there's a folded parchment nailed there with a broken wax seal
────────────────────────────────────────────────────────────────────────────────


━━ TURN 8 ━━
📋 Slide into the booth nearest the hooded figure and listen to what they mutter under their breath
🔄 Waiting for narration...
🎭 ...⚠️  No narration received

━━ TURN 14 ━━
📋 Continue the adventure.
🔄 Waiting for narration...
.........⚠️  No narration received

━━ TURN 19 ━━
📋 Continue the adventure.
🔄 Waiting for narration...

════════════════════════════════════════════════════════════════════════════════
SESSION 4 - GAME 8a0d2330...
════════════════════════════════════════════════════════════════════════════════

🎮 Starting game...

⚠️  No narration received

━━ TURN 9 ━━
📋 Continue the adventure.
🔄 Waiting for narration...

━━ TURN 1 ━━
📋 Let's begin.
🔄 Waiting for narration...
⚠️  No narration received

━━ TURN 15 ━━
📋 Continue the adventure.
🔄 Waiting for narration...
🎭 .........⚠️  No narration received

━━ TURN 20 ━━
📋 Continue the adventure.
🔄 Waiting for narration...
.....✅

────────────────────────────────────────────────────────────────────────────────
TURN 1

The torchlight flickers against ancient stone as you stand at the threshold of a new adventure. The air smells of damp earth and something older — iron, maybe, or forgotten magic. Behind you, the world you know. Ahead, a carved archway leads into darkness that swallows the light whole. Faint sounds drift from within: the distant drip of water, the skitter of something small across stone, and beneath it all, a low resonant hum that you feel more in your chest than hear with your ears.

Whatever waits inside has been waiting a long time.

1️⃣ Step through the archway boldly, torch raised, announcing your presence with confidence
2️⃣ Crouch low and slip inside quietly, letting your eyes adjust before moving deeper
3️⃣ Examine the carved archway closely before entering, searching for runes, warnings, or clues about what lies within
────────────────────────────────────────────────────────────────────────────────


━━ TURN 2 ━━
📋 Step through the archway boldly, torch raised, announcing your presence with confidence
🔄 Waiting for narration...
🎭 ⚠️  No narration received

━━ TURN 10 ━━
📋 Continue the adventure.
🔄 Waiting for narration...
.............✅

────────────────────────────────────────────────────────────────────────────────
TURN 2

The torchlight gutters as you step across the threshold, the smell of damp stone and old iron filling your lungs. This is where the story begins — not with a grand proclamation, but with the quiet weight of a decision not yet made.

You stand at the entrance of the **Dungeon of Etched Names**, where adventurers carve their titles into the stone archway above — if they survive long enough to earn the right. The passage ahead splits into three directions, each exhaling its own particular darkness.

A distant sound echoes from somewhere below. Metal on stone. Rhythmic. Patient.

1️⃣ Examine the names carved into the archway above the entrance
2️⃣ Move cautiously down the left passage, toward flickering amber light
3️⃣ Listen carefully at the right passage, where the metallic sound seems loudest
────────────────────────────────────────────────────────────────────────────────

⚠️  No narration received

━━ TURN 16 ━━
📋 Continue the adventure.
🔄 Waiting for narration...

━━ TURN 3 ━━
📋 Listen carefully at the right passage, where the metallic sound seems loudest
🔄 Waiting for narration...
🎭 ..............✅

────────────────────────────────────────────────────────────────────────────────
TURN 3

The torchlight gutters as you step across the threshold, your boots finding cold stone where there was once only darkness. The air smells of deep earth and something older — iron, perhaps, or the ghost of old fires long extinguished. Ahead, a corridor stretches into shadow, its walls carved with the crude but deliberate marks of hands that worked centuries before yours. Water drips somewhere unseen, steady as a heartbeat. Behind you, the entrance seals itself with a groan of ancient stone, and the world above becomes a memory.

You are inside. Whatever lies ahead has been waiting a very long time.

1️⃣ Hold your light high and examine the carved markings on the corridor walls
2️⃣ Move cautiously forward into the darkness, listening for sounds deeper within
3️⃣ Search the immediate entrance chamber for anything useful before pressing on
────────────────────────────────────────────────────────────────────────────────


━━ TURN 4 ━━
📋 Hold your light high and examine the carved markings on the corridor walls
🔄 Waiting for narration...
⚠️  No narration received

════════════════════════════════════════════════════════════════════════════════
✅ SESSION COMPLETE: 20 turns
📊 TOTAL: 50 turns across 4 sessions
════════════════════════════════════════════════════════════════════════════════

🎭 ...........⚠️  No narration received

━━ TURN 11 ━━
📋 Continue the adventure.
🔄 Waiting for narration...
....✅

────────────────────────────────────────────────────────────────────────────────
TURN 4

The torchlight gutters as you descend the last worn steps into the chamber below. Stone breathes cold air against your skin — the deep, ancient cold of a place that hasn't known sunlight in centuries. Dust motes drift like forgotten prayers through the amber light. Before you stretches a vaulted hall, its ceiling lost in shadow, its floor etched with faded sigils that pulse faintly beneath the grime. Three passages branch from the far wall: one sealed with rusted iron bars, one open and breathing damp air, one marked above the arch with a carved serpent eating its own tail.

You are alone. The silence is the listening kind.

1️⃣ Approach the iron-barred passage and examine what lies beyond the rusted gate
2️⃣ Step cautiously into the open passage, following the damp air deeper into the dark
3️⃣ Study the carved serpent above the third archway — trace its meaning, its age, its warning
────────────────────────────────────────────────────────────────────────────────


━━ TURN 5 ━━
📋 Step cautiously into the open passage, following the damp air deeper into the dark
🔄 Waiting for narration...
⚠️  No narration received

━━ TURN 17 ━━
📋 Continue the adventure.
🔄 Waiting for narration...
🎭 .............✅

────────────────────────────────────────────────────────────────────────────────
TURN 5

The torchlight flickers against ancient stone as you stand at the threshold of a weathered oak door, its iron hinges dark with age. Behind you, the tunnel you've traveled winds back into darkness. Before you, the door breathes with possibility — faint light seeps beneath it, golden and warm, carrying the distant murmur of voices or perhaps running water. The air smells of pine resin and something older, earthen and patient.

Your hand rests on the worn iron handle. The weight of the journey behind you settles in your boots, but your pulse quickens with what lies ahead.

1️⃣ Push the door open boldly and step through into the light beyond
2️⃣ Press your ear against the wood and listen carefully before entering
3️⃣ Examine the door itself — its carvings, hinges, and frame — for any clues or traps
────────────────────────────────────────────────────────────────────────────────


━━ TURN 6 ━━
📋 Examine the door itself — its carvings, hinges, and frame — for any clues or traps
🔄 Waiting for narration...
⚠️  No narration received

━━ TURN 12 ━━
📋 Continue the adventure.
🔄 Waiting for narration...
🎭 ⚠️  No narration received

━━ TURN 18 ━━
📋 Continue the adventure.
🔄 Waiting for narration...
................✅

────────────────────────────────────────────────────────────────────────────────
TURN 6

The torchlight gutters as you step across the threshold, and the world behind you — the muddy road, the pale sky, the smell of woodsmoke and ordinary life — simply ceases to matter.

Before you stretches a vaulted antechamber carved from dark granite. Moisture beads along the walls like cold sweat. Something drips in the dark ahead, slow and rhythmic as a heartbeat. The air tastes of old iron and deep earth. Carved into the lintel above the passage forward, a single warning in a tongue older than the kingdom: *Those who hunger for glory shall find only its shadow.*

You are here. The adventure begins.

1️⃣ Move cautiously forward into the passage, hand on your weapon, eyes scanning the shadows for any sign of movement
2️⃣ Examine the carved inscription more closely, running your fingers along the ancient lettering to study its meaning and craftsmanship
3️⃣ Pause and listen — hold perfectly still, slow your breathing, and let the dungeon speak before you commit to a direction
────────────────────────────────────────────────────────────────────────────────


━━ TURN 7 ━━
📋 Move cautiously forward into the passage, hand on your weapon, eyes scanning the shadows for any sign of movement
🔄 Waiting for narration...
🎭 ............✅

────────────────────────────────────────────────────────────────────────────────
TURN 7

The torchlight gutters as you cross the threshold, throwing long shadows across walls slick with moisture. The dungeon breathes around you — a slow exhalation of cold air carrying the scent of old stone, rust, and something older still. Your boots find purchase on the uneven floor, each step deliberate. Ahead, the corridor splits into three paths. The left reeks of sulfur. The right hums with a sound just below hearing. The center path is silent — perhaps the most unsettling choice of all.

You are here. The adventure begins now.

1️⃣ Take the left path, following the sulfur stench toward whatever burns in the dark
2️⃣ Take the right path, drawn toward that strange subsonic hum vibrating in your bones
3️⃣ Take the center path, stepping into the silence that swallows all sound behind you
────────────────────────────────────────────────────────────────────────────────


━━ TURN 8 ━━
📋 Take the left path, following the sulfur stench toward whatever burns in the dark
🔄 Waiting for narration...
⚠️  No narration received

━━ TURN 13 ━━
📋 Continue the adventure.
🔄 Waiting for narration...
🎭 .......⚠️  No narration received

━━ TURN 19 ━━
📋 Continue the adventure.
🔄 Waiting for narration...

╔════════════════════════════════════════════════════════════════╗
║                    CAMPAIGN COMPLETE                           ║
║              Total: 60 turns across 4 sessions                  ║
╚════════════════════════════════════════════════════════════════╝

