
╔════════════════════════════════════════════════════════════════╗
║              TAVERN TABLE - VERBOSE CAMPAIGN                    ║
║    Full Narration, Dice Rolls, and Combat Capture              ║
╚════════════════════════════════════════════════════════════════╝

🔐 Authenticating...

✅ Authenticated


════════════════════════════════════════════════════════════════════════════════
SESSION 1 - GAME 7d5819ca...
════════════════════════════════════════════════════════════════════════════════

🎮 Starting game...


━━ TURN 1 ━━
📋 Let's begin.
🔄 Waiting for narration...
🎭 ...............✅

────────────────────────────────────────────────────────────────────────────────
TURN 1

The torchlight gutters in the hollow dark, casting long shadows across stone walls slick with age. You stand at the threshold of something old — older than the kingdom that built roads over it, older than the names carved into its lintels. The air carries the faint mineral bite of deep earth and something else beneath it. Something that *breathes*.

Your hand rests on the pommel of your weapon, steady out of habit. Behind you, the world. Ahead, the dungeon's first corridor stretches into black silence, patient as a predator.

What manner of soul dares this threshold?

1️⃣ Step boldly into the corridor, weapon drawn, and announce yourself to whatever waits within
2️⃣ Pause at the entrance and study the carved lintels carefully — someone put words here for a reason
3️⃣ Crouch low and listen, letting your senses reach into the dark before your body follows
────────────────────────────────────────────────────────────────────────────────


━━ TURN 2 ━━
📋 Step boldly into the corridor, weapon drawn, and announce yourself to whatever waits within
🔄 Waiting for narration...
🎭 .............✅

────────────────────────────────────────────────────────────────────────────────
TURN 2

The torchlight gutters as you descend the last worn stone step, and the dungeon opens before you like the throat of something ancient. Moisture weeps from the ceiling in slow, deliberate drops. The air tastes of iron and old earth. Somewhere ahead, in the layered dark, something shifts — a sound like chain dragged across stone, then silence. Your boots find solid ground. Your eyes adjust. The corridor stretches in three directions: left toward a faint amber glow, right toward that unsettling sound, and straight ahead into absolute black.

Where do you go?

1️⃣ Head left toward the amber glow, hand on your weapon.
2️⃣ Move right, slow and cautious, toward the sound of chains.
3️⃣ Press straight ahead into the darkness, trusting your instincts.
────────────────────────────────────────────────────────────────────────────────


━━ TURN 3 ━━
📋 Head left toward the amber glow, hand on your weapon.
🔄 Waiting for narration...
🎭 ....................✅

────────────────────────────────────────────────────────────────────────────────
TURN 3

The torchlight flickers as you step into the campaign's opening moment — the air thick with possibility and the faint smell of woodsmoke and iron. You stand at the crossroads of the Ashenveil Road, where three paths diverge beneath a sky bruised purple with approaching dusk. Behind you, the village of Thornwick hums with nervous energy. Word has spread through the taverns and market stalls: something has gone wrong in the old Mirefall Mine, and the miners who emerged this morning spoke of darkness that moved on its own, of sounds like grinding stone and distant screaming. The village elder has posted a reward. No one else has volunteered.

You check your gear, feel the familiar weight of your weapons, and breathe the cooling evening air. This is where it begins.

1️⃣ Head to the Thornwick tavern to gather information and rumors about the Mirefall Mine before venturing out
2️⃣ Approach the village elder directly to learn the full details of the reward and what exactly the miners reported
3️⃣ Strike out immediately toward the Mirefall Mine — the road is still visible, and you prefer to let your blades do the asking
────────────────────────────────────────────────────────────────────────────────


━━ TURN 4 ━━
📋 Strike out immediately toward the Mirefall Mine — the road is still visible, and you prefer to let your blades do the asking
🔄 Waiting for narration...
🎭 .............✅

────────────────────────────────────────────────────────────────────────────────
TURN 4

The torchlight flickers against ancient stone walls, casting long shadows that dance like restless spirits. You stand at the threshold of a weathered oak door, iron-banded and scarred by decades of use. The air carries the scent of damp earth and something older — woodsmoke and tallow from a common room just beyond. Muffled voices drift through the cracks, along with the clink of tankards and occasional rough laughter.

This is where your story begins. The road behind you is long. The road ahead is unknown.

What manner of soul crosses this threshold tonight?

1️⃣ Push open the door boldly and stride into the common room, letting the crowd take your measure
2️⃣ Pause at the threshold, studying the patrons through the gap before deciding how to enter
3️⃣ Knock firmly on the doorframe and wait, announcing yourself with deliberate courtesy
────────────────────────────────────────────────────────────────────────────────


━━ TURN 5 ━━
📋 Knock firmly on the doorframe and wait, announcing yourself with deliberate courtesy
🔄 Waiting for narration...
🎭 ............✅

────────────────────────────────────────────────────────────────────────────────
TURN 5

The torchlight flickers against stone walls slick with moisture, casting long shadows that writhe like living things. You stand at the threshold of something ancient — a carved archway bearing runes worn smooth by centuries of forgotten hands. The air carries the mineral taste of deep earth and something else beneath it, faintly sweet, like old wood smoke.

Your boots find solid ground. Your breath steadies. Whatever brought you here — fate, coin, or desperation — the path forward opens before you like a wound in the dark.

The world is waiting to see what you'll do first.

1️⃣ Examine the carved runes on the archway more closely, tracing their patterns with careful fingers
2️⃣ Step through the archway and press deeper into the darkness beyond
3️⃣ Listen carefully at the threshold, letting your senses reach into the silence ahead
────────────────────────────────────────────────────────────────────────────────


━━ TURN 6 ━━
📋 Listen carefully at the threshold, letting your senses reach into the silence ahead
🔄 Waiting for narration...
🎭 ............✅

────────────────────────────────────────────────────────────────────────────────
TURN 6

The torchlight flickers against ancient stone as you stand at the threshold of your adventure. The air smells of damp earth and something older — woodsmoke, perhaps, or the memory of it. You are in the village of Ashenmere, where the cobblestones are slick from last night's rain and the locals move with the careful urgency of people who know something is wrong but won't say it aloud. The tavern behind you breathes warmth and amber light. Ahead, the road forks — one path toward the market square, one toward the dark tree line of the Thornwood.

1️⃣ Enter the tavern and listen for rumors among the locals
2️⃣ Approach a villager hurrying past and ask what troubles them
3️⃣ Walk toward the Thornwood road and investigate the darkness at its edge
────────────────────────────────────────────────────────────────────────────────


━━ TURN 7 ━━
📋 Approach a villager hurrying past and ask what troubles them
🔄 Waiting for narration...
🎭 .............✅

────────────────────────────────────────────────────────────────────────────────
TURN 7

The torchlight flickers as you stand at the threshold of adventure, the air thick with possibility and the distant smell of old stone. Your boots find solid ground as the world opens before you — a crossroads of fate waiting for your first step.

A weathered signpost stands crooked in the mud ahead, its three arms pointing toward different destinies. To the north, smoke rises from a village that should be sleeping at this hour. To the east, the black teeth of a dungeon entrance yawn against the hillside. To the west, lantern light spills from a roadside tavern, and voices carry on the night wind.

1️⃣ Head north toward the village where something burns against the dark sky
2️⃣ Descend east into the dungeon mouth carved into the ancient hillside
3️⃣ Enter the tavern to the west and discover what voices gather there tonight
────────────────────────────────────────────────────────────────────────────────


━━ TURN 8 ━━
📋 Descend east into the dungeon mouth carved into the ancient hillside
🔄 Waiting for narration...
🎭 .............✅

────────────────────────────────────────────────────────────────────────────────
TURN 8

The tavern smells of pine smoke and spilled ale. Firelight catches the faces of travelers hunched over their mugs — a merchant counting coins, two soldiers playing cards, an old woman nursing something dark and herbal in the corner.

The barkeep, a broad-shouldered woman with a silver braid and a scar across her chin, leans against the counter and sizes you up with the practiced calm of someone who has seen everything walk through that door.

"What'll it be?" she asks, her voice low and steady as river stone. "Drink, room, or trouble?"

The fire crackles. Outside, wind moves through the pines.

1️⃣ Order a drink and ask the barkeep what news she's heard lately
2️⃣ Scan the room carefully, looking for anyone who seems out of place
3️⃣ Approach the old woman in the corner — something about her pulls your attention
────────────────────────────────────────────────────────────────────────────────


━━ TURN 9 ━━
📋 Approach the old woman in the corner — something about her pulls your attention
🔄 Waiting for narration...
🎭 .........
════════════════════════════════════════════════════════════════════════════════
SESSION 2 - GAME 612bd944...
════════════════════════════════════════════════════════════════════════════════

🎮 Starting game...


━━ TURN 1 ━━
📋 Let's begin.
🔄 Waiting for narration...
⚠️  No narration received

━━ TURN 10 ━━
📋 Continue the adventure.
🔄 Waiting for narration...
🎭 ..............✅

────────────────────────────────────────────────────────────────────────────────
TURN 1

The tavern smells of pine resin and old ale. A fire crackles in the stone hearth, throwing amber light across worn floorboards and the weathered faces of travelers who have learned not to ask too many questions. Rain hammers the shuttered windows in steady rhythms, as if the sky itself is impatient.

You stand just inside the doorway, water dripping from your cloak, the warmth of the room pressing against the cold that clings to your bones. The barkeep — a broad woman with silver-streaked hair and sharp eyes — watches you from across the room without pretending she isn't.

Something is happening here. You can feel it.

1️⃣ Approach the barkeep and ask what's got everyone in the tavern sitting so quietly tonight
2️⃣ Scan the room carefully, taking stock of who's here and what they might want
3️⃣ Move to a corner table, order a drink, and listen to what conversations drift your way
────────────────────────────────────────────────────────────────────────────────


━━ TURN 2 ━━
📋 Move to a corner table, order a drink, and listen to what conversations drift your way
🔄 Waiting for narration...
🎭 ...............✅

────────────────────────────────────────────────────────────────────────────────
TURN 2

The tavern smells of tallow candles and old pine resin. Rain hammers the shuttered windows in irregular bursts, and the hearth throws amber light across a room full of weathered faces — traders, drifters, a couple of farmers nursing cheap ale like it owes them something.

You stand at the threshold, road-dust still on your boots, the door swinging shut behind you. The barkeep — a broad woman with a scar across her chin — glances up from wiping down the counter. A cork board near the bar bristles with parchment notices. Something stirs in the corner: a hooded figure, alone at a table, watching you.

1️⃣ Approach the barkeep and ask what work is available in the area
2️⃣ Walk to the cork board and examine the posted notices
3️⃣ Move toward the hooded figure in the corner and find out why they're watching you
────────────────────────────────────────────────────────────────────────────────


━━ TURN 3 ━━
📋 Walk to the cork board and examine the posted notices
🔄 Waiting for narration...
🎭 .............✅

────────────────────────────────────────────────────────────────────────────────
TURN 3

The torchlight flickers against ancient stone walls slick with moisture. You stand at the threshold of a carved archway, its lintel etched with the warning sigil of the Sunken Vaults — a serpent devouring its own tail. Behind you, the rope ladder sways gently in the underground draft, your only path back to the surface. Ahead, a corridor stretches into darkness that swallows the light whole. The air smells of iron and old earth, and somewhere deep in the black, you hear water dripping in an irregular, almost rhythmic pattern — as if something breathes.

1️⃣ Draw your weapon and advance slowly down the corridor, listening carefully for movement
2️⃣ Hold your torch high and examine the carved archway more closely for hidden mechanisms or clues
3️⃣ Call out into the darkness — a greeting, a challenge, or a warning — and wait for a response
────────────────────────────────────────────────────────────────────────────────


━━ TURN 4 ━━
📋 Draw your weapon and advance slowly down the corridor, listening carefully for movement
🔄 Waiting for narration...
🎭 ........⚠️  No narration received

━━ TURN 11 ━━
📋 Continue the adventure.
🔄 Waiting for narration...
...✅

────────────────────────────────────────────────────────────────────────────────
TURN 4

The tavern smells of pine resin and old ale. Firelight catches the smoke-stained rafters, and the murmur of a dozen conversations fills the room like distant rain. You stand at the threshold — road-dust on your boots, coin light in your purse, and something restless turning in your chest.

The barkeep, a broad-shouldered woman with silver-streaked hair, meets your eyes across the room. In the corner, a cloaked figure hunches over a map. Near the hearth, two merchants argue in hushed, urgent tones about a road that's gone quiet.

Every door begins with a single step.

1️⃣ Approach the barkeep and ask what work is passing through town
2️⃣ Move toward the cloaked figure studying the map
3️⃣ Drift close to the merchants and listen to their argument
────────────────────────────────────────────────────────────────────────────────


━━ TURN 5 ━━
📋 Drift close to the merchants and listen to their argument
🔄 Waiting for narration...
🎭 ............✅

────────────────────────────────────────────────────────────────────────────────
TURN 5

The tavern smells of pine resin and old ale. A fire crackles in the stone hearth, throwing amber light across worn oak tables. Outside, wind moves through the mountain pines like a slow exhale.

You are here — wherever *here* means to you yet. The night is young, and the world is waiting to be pressed into shape by your choices.

A scarred dwarf at the bar watches you over the rim of his tankard. A hooded figure sits alone in the corner, a sealed letter on the table before them. The barkeep polishes a glass and meets your eye.

1️⃣ Approach the scarred dwarf and strike up a conversation
2️⃣ Move toward the hooded figure and the mysterious letter
3️⃣ Ask the barkeep what news travels through this mountain town
────────────────────────────────────────────────────────────────────────────────


━━ TURN 6 ━━
📋 Move toward the hooded figure and the mysterious letter
🔄 Waiting for narration...
🎭 ...............✅

────────────────────────────────────────────────────────────────────────────────
TURN 6

The torchlight flickers as you step into the world.

The village of Ashenveil sits at the edge of a dying forest, its timber buildings hunched against an autumn wind that smells of rot and distant rain. Crow-picked scarecrows line the road in. The locals watch you from doorways — not with hostility, but with the hollow eyes of people waiting for something bad to finish happening.

At the center of the village, a well has been boarded over with iron-banded planks. Someone has scratched words into the wood, deep and desperate: *IT COMES FROM BELOW.*

A greybeard innkeeper waves you toward his lantern-lit doorway.

1️⃣ Approach the innkeeper and ask what's been happening in Ashenveil
2️⃣ Examine the boarded well more closely, inspecting the scratched warning
3️⃣ Stop one of the watching villagers and ask them directly about the sealed well
────────────────────────────────────────────────────────────────────────────────


━━ TURN 7 ━━
📋 Approach the innkeeper and ask what's been happening in Ashenveil
🔄 Waiting for narration...
🎭 ..............✅

────────────────────────────────────────────────────────────────────────────────
TURN 7

The torchlight flickers against ancient stone as you stand at the threshold of something vast and old. The air carries the mineral tang of deep earth and something else — woodsmoke, distant, almost welcoming. Ahead, a passage splits into three routes carved through the living rock. Crude markings score the walls: a boot print pointing left, a spiral pointing forward, and a skull — or perhaps a sun — pointing right. Somewhere below, water moves. Somewhere above, something shifts its weight against the floor.

Your hand rests on whatever weapon you carry. The moment waits.

1️⃣ Follow the boot print down the left passage — someone came this way before, and recently
2️⃣ Take the forward passage marked with the spiral — ancient symbols often lead to the heart of things
3️⃣ Head right toward the skull-or-sun marking — risk and reward often share the same door
────────────────────────────────────────────────────────────────────────────────


━━ TURN 8 ━━
📋 Follow the boot print down the left passage — someone came this way before, and recently
🔄 Waiting for narration...
⚠️  No narration received

━━ TURN 12 ━━
📋 Continue the adventure.
🔄 Waiting for narration...
🎭 .............✅

────────────────────────────────────────────────────────────────────────────────
TURN 8

The torchlight gutters as you descend the last worn stone steps into the chamber below. The air here is cold and damp — the kind of cold that lives in places where sunlight has never reached. Your boots find the floor, and what stretches before you is a vaulted hall of dark granite, its ceiling lost in shadow. Ancient iron sconces line the walls, their flames long dead, but something faintly luminescent grows between the stones — pale blue-green moss that pulses like a slow heartbeat. At the chamber's far end, three passageways yawn open like open mouths.

1️⃣ Approach the left passage, where a faint smell of smoke drifts through
2️⃣ Examine the glowing moss on the walls more closely
3️⃣ Call out into the chamber to test whether anything stirs in the dark
────────────────────────────────────────────────────────────────────────────────


━━ TURN 9 ━━
📋 Call out into the chamber to test whether anything stirs in the dark
🔄 Waiting for narration...
🎭 ........
════════════════════════════════════════════════════════════════════════════════
SESSION 3 - GAME fb1d055c...
════════════════════════════════════════════════════════════════════════════════

🎮 Starting game...


━━ TURN 1 ━━
📋 Let's begin.
🔄 Waiting for narration...
⚠️  No narration received

━━ TURN 13 ━━
📋 Continue the adventure.
🔄 Waiting for narration...
🎭 ........⚠️  No narration received

━━ TURN 10 ━━
📋 Continue the adventure.
🔄 Waiting for narration...
.......✅

────────────────────────────────────────────────────────────────────────────────
TURN 1

The torchlight gutters as you cross the threshold.

Stone walls breathe cold air against your skin — ancient, damp, smelling of iron and forgotten years. Your boots find purchase on cracked flagstone, each step sending small echoes racing into the dark ahead. Somewhere deeper in, water drips in slow, patient rhythm, as though the dungeon itself is counting time.

The entrance chamber stretches before you: vaulted ceiling lost in shadow, three passages splitting from a central hub. A rusted iron lantern hangs from a hook near the eastern arch, its flame long dead. Carved into the western wall, someone has scratched words in desperate, uneven letters.

You are not the first to stand here.

1️⃣ Approach the western wall and read the scratched inscription carefully
2️⃣ Light the rusted lantern near the eastern arch and peer down that passage
3️⃣ Move cautiously toward the central passage, listening for sounds within
────────────────────────────────────────────────────────────────────────────────


━━ TURN 2 ━━
📋 Move cautiously toward the central passage, listening for sounds within
🔄 Waiting for narration...
🎭 .............✅

────────────────────────────────────────────────────────────────────────────────
TURN 2

The torchlight gutters as you step across the threshold, your boots finding purchase on ancient stone worn smooth by centuries of passage. The air tastes of cold iron and distant rain — the smell of somewhere forgotten by daylight.

Before you stretches a vaulted corridor carved from dark granite, its walls etched with sigils that catch your torch's flame and hold it, glowing faintly amber. Somewhere ahead, water drips in a slow, deliberate rhythm. To your left, a heavy oak door sits slightly ajar, pale light bleeding through the gap. To your right, a narrow staircase descends into silence.

The dungeon breathes around you.

1️⃣ Push open the oak door to your left and peer inside
2️⃣ Descend the narrow staircase to your right, hand on your weapon
3️⃣ Press forward down the vaulted corridor toward the sound of dripping water
────────────────────────────────────────────────────────────────────────────────


━━ TURN 3 ━━
📋 Descend the narrow staircase to your right, hand on your weapon
🔄 Waiting for narration...
🎭 ...............✅

────────────────────────────────────────────────────────────────────────────────
TURN 3

The torchlight gutters as you step across the threshold, and the world behind you — the mud-caked road, the distant village bells, the smell of woodsmoke and ordinary life — falls away like a shed skin.

Before you stretches a vaulted corridor carved from dark granite, its walls etched with spiraling runes that pulse with a faint amber glow. The air tastes of iron and old stone. Somewhere ahead, water drips in a slow, deliberate rhythm, like a heartbeat that isn't yours.

A crossroads waits thirty feet ahead. Three passages yawn open, each breathing its own particular darkness.

1️⃣ Take the left passage — a warm, flickering orange light dances at its edge, hinting at fire or torch
2️⃣ Take the right passage — a cold draft carries the scent of earth and something mineral, like a natural cave system
3️⃣ Examine the runes on the walls before proceeding, running your fingers along the carved stone to decipher their meaning
────────────────────────────────────────────────────────────────────────────────


━━ TURN 4 ━━
📋 Take the left passage — a warm, flickering orange light dances at its edge, hinting at fire or torch
🔄 Waiting for narration...
🎭 ..⚠️  No narration received

━━ TURN 14 ━━
📋 Continue the adventure.
🔄 Waiting for narration...
............✅

────────────────────────────────────────────────────────────────────────────────
TURN 4

The torchlight gutters as you descend the last worn steps into the chamber below. Stone breathes cold air against your skin — ancient, patient, indifferent. The room opens before you like a held secret finally exhaled: vaulted ceiling lost in shadow, mossy flagstones slick beneath your boots, and at the far end, three arched passages yawning dark as open throats.

Somewhere in the walls, water drips in slow, irregular rhythm. A faint smell of iron and old ash hangs in the still air. You are alone — for now — and the silence has the particular quality of something recently interrupted.

1️⃣ Approach the left archway and listen carefully for sounds beyond
2️⃣ Examine the flagstones and walls for markings, symbols, or recent tracks
3️⃣ Call out into the chamber — let whatever lurks here know you have arrived
────────────────────────────────────────────────────────────────────────────────


━━ TURN 5 ━━
📋 Examine the flagstones and walls for markings, symbols, or recent tracks
🔄 Waiting for narration...
⚠️  No narration received

━━ TURN 11 ━━
📋 Continue the adventure.
🔄 Waiting for narration...
🎭 ................✅

────────────────────────────────────────────────────────────────────────────────
TURN 5

The torchlight gutters as you step through the iron-banded door, its rust bleeding like old wounds across the threshold. The chamber beyond breathes cold air — damp stone, rotted wood, and something metallic beneath it all. Shadows pool in the corners where the light refuses to reach. A mossy stone pillar dominates the center of the room, carved with symbols that predate the kingdom above by centuries. Three passages yawn before you like open mouths: one heading north into deeper darkness, one east where faint amber light flickers, and one west where you can hear — just barely — the sound of running water.

Your hand tightens instinctively on your weapon.

Something is down here with you. You can feel it the way you feel weather changing — a pressure behind the eyes, a wrongness in the air.

1️⃣ Approach the carved stone pillar and examine the ancient symbols more closely
2️⃣ Move toward the eastern passage where the amber light flickers
3️⃣ Listen carefully at the western passage where water runs
────────────────────────────────────────────────────────────────────────────────


━━ TURN 6 ━━
📋 Approach the carved stone pillar and examine the ancient symbols more closely
🔄 Waiting for narration...
🎭 .......✅

────────────────────────────────────────────────────────────────────────────────
TURN 6

**🎲 Shortsword (d20+2) — rolls 19. HIT! 1d8+2 = 7 piercing. Unknown Presence reels back, blood dark as pitch spraying across mossy stone (15/22 HP).**

The creature shrieks — a sound like metal tearing — and lunges forward with preternatural speed, its form coalescing from shadow into something half-glimpsed: too many joints, eyes that catch torchlight wrong. It means to end this.


🎲 ROLLS:
   • 1d8+2

⚔️  COMBAT:
   • HIT
────────────────────────────────────────────────────────────────────────────────


━━ TURN 7 ━━
📋 Continue the adventure.
🔄 Waiting for narration...
🎭 ........✅

────────────────────────────────────────────────────────────────────────────────
TURN 7

**🎲 Claw Rake (d20+3) — rolls 16. HIT! 2d6+2 = 9 slashing. You take the blow across your ribs, blood hot and immediate (HP reduced).**

The creature's claws rake across your side with the force of a maul strike. You stagger backward, gasping, feeling warm blood soak into fabric and skin. It presses forward, hissing, its shadow-form writhing with hunger. The pillar is behind you now — nowhere left to retreat.


🎲 ROLLS:
   • 2d6+2

⚔️  COMBAT:
   • HIT
────────────────────────────────────────────────────────────────────────────────


━━ TURN 8 ━━
📋 Continue the adventure.
🔄 Waiting for narration...
🎭 .....⚠️  No narration received

━━ TURN 15 ━━
📋 Continue the adventure.
🔄 Waiting for narration...
.....✅

────────────────────────────────────────────────────────────────────────────────
TURN 8

**🎲 Claw Rake (d20+3) — rolls 14. MISS! Your dodge is instinctive, desperate — claws whistle past your ear, drawing blood from your cheek but missing the killing strike.**

The creature hisses in fury, its form flickering like a candle flame in wind. It's wounded now, bleeding that same pitch-dark ichor across the flagstones. But it's far from finished — if anything, the pain has made it more vicious, more erratic. It circles you with predatory grace, testing your reach, looking for an opening.

The eastern passage still glows faintly beyond. The water-sound from the west grows louder.


⚔️  COMBAT:
   • MISS
   • miss
────────────────────────────────────────────────────────────────────────────────


━━ TURN 9 ━━
📋 Continue the adventure.
🔄 Waiting for narration...
🎭 .........⚠️  No narration received

━━ TURN 12 ━━
📋 Continue the adventure.
🔄 Waiting for narration...
✅

────────────────────────────────────────────────────────────────────────────────
TURN 9

**🎲 Claw Rake (d20+3) — rolls 18. HIT! 2d6+2 = 11 slashing. You take a vicious swipe across your shoulder, blood streaming down your arm (HP reduced significantly).**

The creature lunges with terrible speed, its claws raking deep through muscle and sinew. You cry out — the pain is white-hot, immediate, and the wound won't stop bleeding. Your sword arm screams in protest. The thing circles closer now, sensing weakness, its shadow-form solidifying with each breath you take. It's hunting you. And it's winning.

The eastern passage glows amber, tantalizingly close. The creature blocks the direct path.


🎲 ROLLS:
   • 2d6+2

⚔️  COMBAT:
   • HIT
   • hit
────────────────────────────────────────────────────────────────────────────────


━━ TURN 10 ━━
📋 Continue the adventure.
🔄 Waiting for narration...
🎭 ....
════════════════════════════════════════════════════════════════════════════════
SESSION 4 - GAME f74e67bb...
════════════════════════════════════════════════════════════════════════════════

🎮 Starting game...

⚠️  No narration received

━━ TURN 16 ━━
📋 Continue the adventure.
🔄 Waiting for narration...

━━ TURN 1 ━━
📋 Let's begin.
🔄 Waiting for narration...
⚠️  No narration received

━━ TURN 13 ━━
📋 Continue the adventure.
🔄 Waiting for narration...
⚠️  No narration received

━━ TURN 11 ━━
📋 Continue the adventure.
🔄 Waiting for narration...
🎭 ...............✅

────────────────────────────────────────────────────────────────────────────────
TURN 1

The torchlight gutters as you descend the last worn stone step, and the dungeon opens before you like the throat of something ancient. Moisture beads on the walls. Somewhere ahead, water drips in steady rhythm against silence that feels almost *deliberate* — the kind of quiet that listens back.

The air carries iron and old smoke. Two passages branch before you: one narrowing to the left where a faint amber glow pulses like a slow heartbeat, and one to the right where cold air breathes steadily outward, carrying the ghost of pine and open sky.

Behind you, the entrance has already swallowed its own light.

1️⃣ Move toward the amber glow in the left passage — something burns down there, and fire means life, or danger worth knowing
2️⃣ Follow the right passage toward the cold air — that smell of pine suggests an exit, or at least something connected to the world above
3️⃣ Hold your position and listen carefully before committing to either direction
────────────────────────────────────────────────────────────────────────────────


━━ TURN 2 ━━
📋 Move toward the amber glow in the left passage — something burns down there, and fire means life, or danger worth knowing
🔄 Waiting for narration...
🎭 ...............✅

────────────────────────────────────────────────────────────────────────────────
TURN 2

The torchlight gutters as you step across the threshold, your boots finding cold stone beneath a carpet of ancient dust. The chamber breathes — a low, sourceless draft that carries the smell of iron and old earth. Ahead, the passage splits: left, a corridor of worked stone carved with serpentine glyphs that pulse with faint bioluminescent light; right, a rough-hewn tunnel where the distant sound of water speaks of something deeper, darker, natural. Behind you, the entrance has already swallowed itself in shadow.

Your hand finds the grip of your weapon by instinct.

Something is watching. You can feel it the way you feel weather.

1️⃣ Move left down the glowing glyph corridor, tracing the carvings with cautious fingers to read their meaning
2️⃣ Take the right passage toward the sound of water, moving low and quiet
3️⃣ Hold your ground and call out into the dark — let whatever watches you show itself
────────────────────────────────────────────────────────────────────────────────


━━ TURN 3 ━━
📋 Move left down the glowing glyph corridor, tracing the carvings with cautious fingers to read their meaning
🔄 Waiting for narration...
⚠️  No narration received

━━ TURN 17 ━━
📋 Continue the adventure.
🔄 Waiting for narration...
🎭 ...⚠️  No narration received

━━ TURN 14 ━━
📋 Continue the adventure.
🔄 Waiting for narration...
..⚠️  No narration received

━━ TURN 12 ━━
📋 Continue the adventure.
🔄 Waiting for narration...
.........✅

────────────────────────────────────────────────────────────────────────────────
TURN 3

The torchlight gutters as you descend the last worn stone step, and the dungeon exhales — cold, damp air carrying the faint copper scent of old blood and older stone. The passage opens into a vaulted chamber, its ceiling lost in shadow above you. Crude iron sconces hold dying flames that paint the walls in amber and ash. Ahead, three tunnels branch like the fingers of a buried hand. Scratched into the archway of the center passage, barely legible, are words in a language you almost recognize. Bones — small ones, animal perhaps — litter the floor near the left tunnel.

1️⃣ Examine the scratched inscription above the center passage more closely
2️⃣ Investigate the bones scattered near the left tunnel entrance
3️⃣ Listen carefully at each tunnel opening for sounds deeper within
────────────────────────────────────────────────────────────────────────────────


━━ TURN 4 ━━
📋 Listen carefully at each tunnel opening for sounds deeper within
🔄 Waiting for narration...
🎭 ............✅

────────────────────────────────────────────────────────────────────────────────
TURN 4

The torchlight flickers as you descend the last worn stone step, and the dungeon breathes around you — cold air carrying the mineral scent of deep earth and something older, something that hasn't seen daylight in centuries. Your boots find purchase on the grit-strewn floor. Shadows press against the torchlight's edge like curious animals. Before you, a corridor splits three ways: left, where a distant dripping echoes with hollow persistence; straight ahead, where rusted iron doors hang ajar, breathing a faint metallic warmth; and right, where scratched markings cover the stone walls — crude, desperate, and recent.

1️⃣ Take the left passage toward the sound of dripping water
2️⃣ Push through the rusted iron doors straight ahead
3️⃣ Examine the scratched markings on the right wall
────────────────────────────────────────────────────────────────────────────────


━━ TURN 5 ━━
📋 Push through the rusted iron doors straight ahead
🔄 Waiting for narration...
🎭 ...............✅

────────────────────────────────────────────────────────────────────────────────
TURN 5

The tavern smells of tallow candles and spilled ale. A fire crackles in the hearth, throwing amber light across the worn faces of travelers and locals alike. Rain hammers the shuttered windows — the kind of autumn storm that drives sensible folk indoors and keeps them there.

You sit at a corner table, your back to the wall out of habit. The barmaid hasn't come by in a while. At the bar, two merchants argue in hushed tones over a rolled parchment. Near the door, a hooded figure sits utterly still, nursing nothing.

The night feels like it's waiting for something.

1️⃣ Approach the merchants and try to overhear — or insert yourself into — their argument about the parchment
2️⃣ Study the motionless hooded figure by the door, watching for any sign of who or what they are
3️⃣ Flag down the barmaid and ask what's got everyone in the tavern so on edge tonight
────────────────────────────────────────────────────────────────────────────────


━━ TURN 6 ━━
📋 Approach the merchants and try to overhear — or insert yourself into — their argument about the parchment
🔄 Waiting for narration...
⚠️  No narration received

━━ TURN 18 ━━
📋 Continue the adventure.
🔄 Waiting for narration...
🎭 .........⚠️  No narration received

━━ TURN 15 ━━
📋 Continue the adventure.
🔄 Waiting for narration...
...⚠️  No narration received

━━ TURN 13 ━━
📋 Continue the adventure.
🔄 Waiting for narration...
....✅

────────────────────────────────────────────────────────────────────────────────
TURN 6

The torchlight gutters as you descend the last worn stone step, and the dungeon breathes cold air against your face like a sleeping giant stirring. The chamber before you opens wide — vaulted ceilings lost in shadow, the smell of damp earth and old iron heavy on your tongue. Across the floor, ancient flagstones are etched with faded runes that pulse faintly, like embers refusing to die. Three passages split from this central room: one draped in cobwebs, one rumbling with distant water, one carrying the unmistakable flicker of firelight from somewhere deep within.

You are the first to arrive. The dungeon waits.

1️⃣ Approach the cobweb-draped passage and investigate what lies beyond the silk curtain of webs
2️⃣ Follow the sound of rushing water down the damp, rumbling corridor
3️⃣ Move toward the flickering firelight passage, hand on your weapon, ready for whatever made that fire
────────────────────────────────────────────────────────────────────────────────


━━ TURN 7 ━━
📋 Move toward the flickering firelight passage, hand on your weapon, ready for whatever made that fire
🔄 Waiting for narration...
🎭 ...............✅

────────────────────────────────────────────────────────────────────────────────
TURN 7

The torchlight gutters as you descend the last worn stone step, and the dungeon opens before you like the ribcage of some ancient beast. Moss-slicked walls weep cold moisture. The air tastes of iron and old stone. Somewhere deeper in the dark, water drips in a slow, relentless rhythm — like a heartbeat that doesn't know it should stop.

A corridor stretches ahead, torchlit sconces flickering with pale green flame every twenty feet. To your left, a heavy oak door banded in rusted iron. To your right, a collapsed archway that someone has recently cleared — fresh rubble pushed aside.

What do you do?

1️⃣ Approach the heavy oak door on the left and listen carefully before trying the handle
2️⃣ Investigate the recently cleared archway on the right — someone wanted through here badly enough to work for it
3️⃣ Move cautiously down the main corridor, watching the green flames for signs of magical disturbance
────────────────────────────────────────────────────────────────────────────────


━━ TURN 8 ━━
📋 Move cautiously down the main corridor, watching the green flames for signs of magical disturbance
🔄 Waiting for narration...
🎭 ⚠️  No narration received

━━ TURN 19 ━━
📋 Continue the adventure.
🔄 Waiting for narration...

╔════════════════════════════════════════════════════════════════╗
║                    CAMPAIGN COMPLETE                           ║
║              Total: 55 turns across 4 sessions                  ║
╚════════════════════════════════════════════════════════════════╝

